217.156.34.119 - - [03/Oct/2015:17:04:35 -0700] "GET /logs/access.log HTTP/1.1" 200 179034 "http://redlug.com/" "Mozilla/5.0 (X11; Ubuntu; Linux i686; rv:34.0) Gecko/20100101 Firefox/34.0" "redlug.com"
78.137.36.167 - - [03/Oct/2015:17:06:38 -0700] "GET /+http://redlug.com/logs/access.log HTTP/1.1" 404 73 "http://lava.hellospace.org/erotocheskiy-video-chat.html" "Opera/9.80 (Windows NT 6.2; WOW64; MRA 8.0 (build 5784)) Presto/2.12.388 Version/12.10" "redlug.com"
78.137.36.167 - - [03/Oct/2015:17:06:38 -0700] "GET /+http://redlug.com/logs/access.log HTTP/1.1" 404 73 "http://lava.hellospace.org/erotocheskiy-video-chat.html" "Mozilla/4.0 (compatible; MSIE 8.0; Windows NT 5.1; Trident/4.0; .NET CLR 2.0.50727; .NET CLR 3.0.4506.2152; .NET CLR 3.5.30729)" "redlug.com"
78.137.36.167 - - [03/Oct/2015:17:06:39 -0700] "GET /redlug.com/logs/access.log HTTP/1.1" 404 73 "http://lava.hellospace.org/erotocheskiy-video-chat.html" "Mozilla/4.0 (compatible; MSIE 8.0; Windows NT 5.1; Trident/4.0; .NET CLR 2.0.50727; .NET CLR 3.0.4506.2152; .NET CLR 3.5.30729)" "redlug.com"
78.137.36.167 - - [03/Oct/2015:17:06:39 -0700] "GET /+http://redlug.com/logs/access.log HTTP/1.1" 404 73 "http://lava.hellospace.org/erotocheskiy-video-chat.html" "Opera/9.80 (Windows NT 6.1; WOW64; MRA 8.0 (build 5880)) Presto/2.12.388 Version/12.11" "redlug.com"
78.137.36.167 - - [03/Oct/2015:17:06:39 -0700] "GET /redlug.com/logs/access.log HTTP/1.1" 404 73 "http://lava.hellospace.org/erotocheskiy-video-chat.html" "Opera/9.80 (Windows NT 6.1; WOW64; MRA 8.0 (build 5880)) Presto/2.12.388 Version/12.11" "redlug.com"
78.137.36.167 - - [03/Oct/2015:17:06:40 -0700] "GET /+http://redlug.com/logs/access.log HTTP/1.1" 404 89 "http://lava.hellospace.org/erotocheskiy-video-chat.html" "Mozilla/5.0 (Windows NT 5.1) AppleWebKit/537.4 (KHTML, like Gecko) Chrome/22.0.1229.79 Safari/537.4" "redlug.com"
78.137.36.167 - - [03/Oct/2015:17:06:40 -0700] "GET /redlug.com/logs/access.log HTTP/1.1" 404 73 "http://lava.hellospace.org/erotocheskiy-video-chat.html" "Mozilla/5.0 (Windows NT 5.1) AppleWebKit/537.4 (KHTML, like Gecko) Chrome/22.0.1229.79 Safari/537.4" "redlug.com"
78.137.36.167 - - [03/Oct/2015:17:06:40 -0700] "GET /+http://redlug.com/logs/access.log HTTP/1.1" 404 73 "http://lava.hellospace.org/erotocheskiy-video-chat.html" "Mozilla/5.0 (Windows NT 5.1; rv:11.0) Gecko/20100101 Firefox/11.0" "redlug.com"
78.137.36.167 - - [03/Oct/2015:17:06:41 -0700] "GET /redlug.com/logs/access.log HTTP/1.1" 404 73 "http://lava.hellospace.org/erotocheskiy-video-chat.html" "Mozilla/5.0 (Windows NT 5.1; rv:11.0) Gecko/20100101 Firefox/11.0" "redlug.com"
115.29.151.135 - - [03/Oct/2015:17:07:33 -0700] "GET /logs/access.log HTTP/1.1" 200 529 "http://redlug.com/" "Mozilla/5.0 (X11; Linux x86_64) AppleWebKit/537.36 (KHTML, like Gecko) Chrome/39.0.2171.99 Safari/537.36" "redlug.com"
100.43.85.6 - - [03/Oct/2015:17:07:50 -0700] "GET /robots.txt HTTP/1.1" 200 37 "-" "Mozilla/5.0 (compatible; YandexBot/3.0; +http://yandex.com/bots)" "redlug.com"
14.164.157.40 - - [03/Oct/2015:17:08:05 -0700] "POST /123321.php HTTP/1.1" 404 73 "-" "gSOAP/2.7" "redlug.com"
31.184.238.128 - - [03/Oct/2015:17:11:18 -0700] "GET /logs/access.log HTTP/1.1" 200 3124 "http://buy-rabeprazole-no-prescription.snack.ws" "Mozilla/5.0 (Windows NT 6.1; WOW64) AppleWebKit/537.36 (KHTML, like Gecko) Chrome/32.0.1700.107 Safari/537.36 OPR/19.0.1326.63" "redlug.com"
31.184.238.128 - - [03/Oct/2015:17:12:46 -0700] "GET /logs/access.log HTTP/1.1" 200 3405 "http://buy-glimepiride-2mg-cheap.over-blog.com/2014/04/cheap-glimepiride-order-online.html" "Mozilla/5.0 (Windows NT 6.1) AppleWebKit/537.36 (KHTML, like Gecko) Chrome/33.0.1750.146 Safari/537.36" "redlug.com"
14.164.157.40 - - [03/Oct/2015:17:13:06 -0700] "POST /123321.php HTTP/1.1" 404 73 "-" "gSOAP/2.7" "redlug.com"
78.137.36.167 - - [03/Oct/2015:17:14:13 -0700] "GET /redlug.com/logs/access.log HTTP/1.1" 404 89 "http://lava.hellospace.org/video-prikoli-v-videochate.html" "Mozilla/5.0 (Windows NT 5.1) AppleWebKit/536.11 (KHTML, like Gecko) Chrome/20.0.1132.57 Safari/536.11" "redlug.com"
78.137.36.167 - - [03/Oct/2015:17:14:14 -0700] "GET /redlug.com/logs/access.log HTTP/1.1" 404 73 "http://lava.hellospace.org/video-prikoli-v-videochate.html" "Mozilla/5.0 (Windows NT 6.1; rv:14.0) Gecko/20100101 Firefox/14.0.1" "redlug.com"
212.92.232.129 - - [03/Oct/2015:17:18:02 -0700] "GET /logs/access_130930.log HTTP/1.1" 404 73 "http://orlistatparaadelgazar.aircus.com/" "Mozilla/4.0 (compatible; MSIE 8.0; Windows NT 5.1; Trident/4.0; GTB7.4; MRA 6.0 (build 6005); User-agent: Mozilla/4.0 (compatible; MSIE 6.0; Windows NT 5.1; SV1); .NET CLR 1.1.4322; .NET CLR 2.0.50727; .NET CLR 3.0.4506.2152; .NET CLR 3.5.30729; InfoPath.1; .NET4.0C; .NET4.0E; MRIE8PACK 2.0.1)" "redlug.com"
212.92.232.129 - - [03/Oct/2015:17:18:03 -0700] "GET /access_130930.log HTTP/1.1" 404 73 "http://orlistatparaadelgazar.aircus.com/" "Mozilla/5.0 (Windows NT 5.1) AppleWebKit/537.11 (KHTML, like Gecko) Chrome/23.0.1271.64 Safari/537.11" "redlug.com"
212.92.232.129 - - [03/Oct/2015:17:18:04 -0700] "GET /logs/access_130930.log HTTP/1.1" 404 73 "http://orlistatparaadelgazar.aircus.com/" "Mozilla/5.0 (Windows NT 5.1; rv:13.0) Gecko/20100101 Firefox/13.0" "redlug.com"
180.76.15.154 - - [03/Oct/2015:17:19:19 -0700] "GET /LabHist/JConninUSA.htm HTTP/1.1" 200 2982 "-" "Mozilla/5.0 (compatible; Baiduspider/2.0; +http://www.baidu.com/search/spider.html)" "www.redlug.com"
31.184.238.128 - - [03/Oct/2015:17:21:25 -0700] "GET /logs/access.log HTTP/1.1" 200 5448 "http://gravatar.com/buyfuroxonewithoutscript" "Mozilla/5.0 (Windows NT 6.2; WOW64) AppleWebKit/537.36 (KHTML, like Gecko) Chrome/32.0.1700.76 Safari/537.36" "redlug.com"
78.137.36.167 - - [03/Oct/2015:17:21:46 -0700] "GET /+http://redlug.com/logs/access.log HTTP/1.1" 404 73 "http://lava.hellospace.org/dve-devushki-v-videochate.html" "Opera/9.80 (Windows NT 6.0) Presto/2.12.388 Version/12.10" "redlug.com"
78.137.36.167 - - [03/Oct/2015:17:21:47 -0700] "GET /+http://redlug.com/logs/access.log HTTP/1.1" 404 89 "http://lava.hellospace.org/dve-devushki-v-videochate.html" "Opera/9.80 (Windows NT 6.1; WOW64; MRA 8.0 (build 5784)) Presto/2.12.388 Version/12.10" "redlug.com"
78.137.36.167 - - [03/Oct/2015:17:21:47 -0700] "GET /redlug.com/logs/access.log HTTP/1.1" 404 73 "http://lava.hellospace.org/dve-devushki-v-videochate.html" "Opera/9.80 (Windows NT 6.1; WOW64; MRA 8.0 (build 5784)) Presto/2.12.388 Version/12.10" "redlug.com"
78.137.36.167 - - [03/Oct/2015:17:21:47 -0700] "GET /+http://redlug.com/logs/access.log HTTP/1.1" 404 73 "http://lava.hellospace.org/dve-devushki-v-videochate.html" "Mozilla/4.0 (compatible; MSIE 8.0; Windows NT 5.2; Trident/4.0; .NET CLR 1.1.4322)" "redlug.com"
78.137.36.167 - - [03/Oct/2015:17:21:48 -0700] "GET /redlug.com/logs/access.log HTTP/1.1" 404 89 "http://lava.hellospace.org/dve-devushki-v-videochate.html" "Mozilla/4.0 (compatible; MSIE 8.0; Windows NT 5.2; Trident/4.0; .NET CLR 1.1.4322)" "redlug.com"
78.137.36.167 - - [03/Oct/2015:17:21:48 -0700] "GET /+http://redlug.com/logs/access.log HTTP/1.1" 404 73 "http://lava.hellospace.org/dve-devushki-v-videochate.html" "Opera/9.80 (Windows NT 6.1; U; ru) Presto/2.10.229 Version/11.61" "redlug.com"
78.137.36.167 - - [03/Oct/2015:17:21:48 -0700] "GET /redlug.com/logs/access.log HTTP/1.1" 404 73 "http://lava.hellospace.org/dve-devushki-v-videochate.html" "Opera/9.80 (Windows NT 6.1; U; ru) Presto/2.10.229 Version/11.61" "redlug.com"
78.137.36.167 - - [03/Oct/2015:17:21:49 -0700] "GET /+http://redlug.com/logs/access.log HTTP/1.1" 404 73 "http://lava.hellospace.org/dve-devushki-v-videochate.html" "Mozilla/5.0 (Windows NT 6.2) AppleWebKit/537.11 (KHTML, like Gecko) Chrome/23.0.1271.64 Safari/537.11" "redlug.com"
78.137.36.167 - - [03/Oct/2015:17:21:49 -0700] "GET /redlug.com/logs/access.log HTTP/1.1" 404 73 "http://lava.hellospace.org/dve-devushki-v-videochate.html" "Mozilla/5.0 (Windows NT 6.2) AppleWebKit/537.11 (KHTML, like Gecko) Chrome/23.0.1271.64 Safari/537.11" "redlug.com"
14.164.157.40 - - [03/Oct/2015:17:23:06 -0700] "POST /123321.php HTTP/1.1" 404 73 "-" "gSOAP/2.7" "redlug.com"
192.3.242.159 - - [03/Oct/2015:17:26:06 -0700] "GET /logs/access.log HTTP/1.1" 200 1333 "http://redlug.com/" "Mozilla/5.0 (X11; Linux x86_64) AppleWebKit/537.36 (KHTML, like Gecko) Chrome/39.0.2171.99 Safari/537.36" "redlug.com"
217.156.34.119 - - [03/Oct/2015:17:27:12 -0700] "GET /logs/access.log HTTP/1.1" 200 1358 "http://redlug.com/" "Mozilla/5.0 (X11; Ubuntu; Linux i686; rv:34.0) Gecko/20100101 Firefox/34.0" "redlug.com"
14.164.157.40 - - [03/Oct/2015:17:28:07 -0700] "POST /123321.php HTTP/1.1" 404 73 "-" "gSOAP/2.7" "redlug.com"
31.184.238.128 - - [03/Oct/2015:17:28:40 -0700] "GET /logs/access.log HTTP/1.1" 200 8679 "http://order-amoxapine-online.soup.io" "Mozilla/5.0 (Windows NT 5.1) AppleWebKit/537.36 (KHTML, like Gecko) Chrome/32.0.1700.76 Safari/537.36" "redlug.com"
117.177.243.42 - - [03/Oct/2015:17:29:04 -0700] "GET /logs/access.log HTTP/1.1" 200 8925 "http://redlug.com/" "Mozilla/5.0 (X11; Linux x86_64) AppleWebKit/537.36 (KHTML, like Gecko) Chrome/39.0.2171.99 Safari/537.36" "redlug.com"
14.63.224.76 - - [03/Oct/2015:17:29:05 -0700] "GET /logs/access.log HTTP/1.1" 200 1443 "http://redlug.com/" "Mozilla/5.0 (X11; Linux x86_64) AppleWebKit/537.36 (KHTML, like Gecko) Chrome/39.0.2171.99 Safari/537.36" "redlug.com"
78.137.36.167 - - [03/Oct/2015:17:29:18 -0700] "GET /+http://redlug.com/logs/access.log HTTP/1.1" 404 73 "http://lava.hellospace.org/videochat-gluhie-kostanay-obl.html" "Mozilla/5.0 (Windows NT 6.1; rv:12.0) Gecko/20100101 Firefox/12.0" "redlug.com"
78.137.36.167 - - [03/Oct/2015:17:29:19 -0700] "GET /redlug.com/logs/access.log HTTP/1.1" 404 73 "http://lava.hellospace.org/videochat-gluhie-kostanay-obl.html" "Mozilla/5.0 (Windows NT 6.1; WOW64; rv:17.0) Gecko/17.0 Firefox/17.0" "redlug.com"
78.137.36.167 - - [03/Oct/2015:17:29:20 -0700] "GET /+http://redlug.com/logs/access.log HTTP/1.1" 404 89 "http://lava.hellospace.org/videochat-gluhie-kostanay-obl.html" "Opera/9.80 (Windows NT 6.1; Win64; x64) Presto/2.12.388 Version/12.11" "redlug.com"
78.137.36.167 - - [03/Oct/2015:17:29:21 -0700] "GET /redlug.com/logs/access.log HTTP/1.1" 404 73 "http://lava.hellospace.org/videochat-gluhie-kostanay-obl.html" "Opera/9.80 (Windows NT 6.1; Win64; x64) Presto/2.12.388 Version/12.11" "redlug.com"
78.137.36.167 - - [03/Oct/2015:17:29:21 -0700] "GET /redlug.com/logs/access.log HTTP/1.1" 404 89 "http://lava.hellospace.org/videochat-gluhie-kostanay-obl.html" "Mozilla/5.0 (Windows NT 6.1; WOW64) AppleWebKit/537.4 (KHTML, like Gecko) Chrome/22.0.1229.92 Safari/537.4" "redlug.com"
67.221.143.214 - - [03/Oct/2015:17:30:02 -0700] "GET /logs/access.log HTTP/1.1" 200 2174 "http://redlug.com/" "Mozilla/5.0 (X11; Linux x86_64) AppleWebKit/537.36 (KHTML, like Gecko) Chrome/39.0.2171.99 Safari/537.36" "redlug.com"
31.184.238.128 - - [03/Oct/2015:17:30:09 -0700] "GET /logs/access.log HTTP/1.1" 200 10891 "http://gravatar.com/inuhaksenafmo" "Mozilla/5.0 (Windows NT 6.0) AppleWebKit/537.36 (KHTML, like Gecko) Chrome/33.0.1750.146 Safari/537.36" "redlug.com"
46.118.115.65 - - [03/Oct/2015:17:31:21 -0700] "GET /logs/ HTTP/1.1" 200 68237 "http://porno.weprik.ru/" "Opera/7.60 (Windows NT 5.2; U)  [en] (IBM EVV/3.0/EAK01AG9/LE)" "redlug.com"
46.118.115.65 - - [03/Oct/2015:17:31:21 -0700] "GET /logs/ HTTP/1.1" 200 68237 "http://na-telefon.biz/" "Opera/7.60 (Windows NT 5.2; U)  [en] (IBM EVV/3.0/EAK01AG9/LE)" "redlug.com"
46.118.115.65 - - [03/Oct/2015:17:31:23 -0700] "GET /logs/ HTTP/1.1" 200 68237 "http://porno.weprik.ru/" "Opera/7.60 (Windows NT 5.2; U)  [en] (IBM EVV/3.0/EAK01AG9/LE)" "redlug.com"
46.118.115.65 - - [03/Oct/2015:17:31:23 -0700] "GET /logs/ HTTP/1.1" 200 68237 "http://na-telefon.biz/" "Opera/7.60 (Windows NT 5.2; U)  [en] (IBM EVV/3.0/EAK01AG9/LE)" "redlug.com"
14.164.157.40 - - [03/Oct/2015:17:33:07 -0700] "POST /123321.php HTTP/1.1" 404 73 "-" "gSOAP/2.7" "redlug.com"
203.114.110.83 - - [03/Oct/2015:17:34:11 -0700] "GET /logs/access.log HTTP/1.1" 200 1733 "http://redlug.com/" "Mozilla/5.0 (X11; Ubuntu; Linux i686; rv:34.0) Gecko/20100101 Firefox/34.0" "redlug.com"
78.137.36.167 - - [03/Oct/2015:17:36:51 -0700] "GET /+http://redlug.com/logs/access.log HTTP/1.1" 404 73 "http://lava.hellospace.org/skachat-filmi-cherez-torrent-porno-brooklyn-lee.html" "Mozilla/4.0 (compatible; MSIE 8.0; Windows NT 5.2; Trident/4.0; .NET CLR 1.1.4322)" "redlug.com"
78.137.36.167 - - [03/Oct/2015:17:36:51 -0700] "GET /+http://redlug.com/logs/access.log HTTP/1.1" 404 73 "http://lava.hellospace.org/skachat-filmi-cherez-torrent-porno-brooklyn-lee.html" "Mozilla/5.0 (Windows NT 6.1) AppleWebKit/536.5 (KHTML, like Gecko) YaBrowser/1.1.1084.5409 Chrome/19.1.1084.5409 Safari/536.5" "redlug.com"
78.137.36.167 - - [03/Oct/2015:17:36:51 -0700] "GET /redlug.com/logs/access.log HTTP/1.1" 404 73 "http://lava.hellospace.org/skachat-filmi-cherez-torrent-porno-brooklyn-lee.html" "Mozilla/5.0 (Windows NT 6.1) AppleWebKit/536.5 (KHTML, like Gecko) YaBrowser/1.1.1084.5409 Chrome/19.1.1084.5409 Safari/536.5" "redlug.com"
78.137.36.167 - - [03/Oct/2015:17:36:52 -0700] "GET /+http://redlug.com/logs/access.log HTTP/1.1" 404 73 "http://lava.hellospace.org/skachat-filmi-cherez-torrent-porno-brooklyn-lee.html" "Mozilla/4.0 (compatible; MSIE 8.0; Windows NT 5.1; Trident/4.0; MRA 6.0 (build 5993); MRA 8.0 (build 5784); InfoPath.2)" "redlug.com"
78.137.36.167 - - [03/Oct/2015:17:36:53 -0700] "GET /+http://redlug.com/logs/access.log HTTP/1.1" 404 73 "http://lava.hellospace.org/skachat-filmi-cherez-torrent-porno-brooklyn-lee.html" "Opera/9.80 (Windows NT 6.1; WOW64) Presto/2.12.388 Version/12.11" "redlug.com"
78.137.36.167 - - [03/Oct/2015:17:36:54 -0700] "GET /redlug.com/logs/access.log HTTP/1.1" 404 73 "http://lava.hellospace.org/skachat-filmi-cherez-torrent-porno-brooklyn-lee.html" "Opera/9.80 (Windows NT 6.1; WOW64) Presto/2.12.388 Version/12.11" "redlug.com"
217.156.34.119 - - [03/Oct/2015:17:37:11 -0700] "GET /logs/access.log HTTP/1.1" 200 1886 "http://redlug.com/" "Mozilla/5.0 (X11; Ubuntu; Linux i686; rv:34.0) Gecko/20100101 Firefox/34.0" "redlug.com"
31.184.238.128 - - [03/Oct/2015:17:37:23 -0700] "GET /logs/access.log HTTP/1.1" 200 14157 "http://buytrazodonefastshipping.snack.ws" "Mozilla/5.0 (Windows NT 6.0) AppleWebKit/537.36 (KHTML, like Gecko) Chrome/33.0.1750.146 Safari/537.36" "redlug.com"
14.164.157.40 - - [03/Oct/2015:17:38:07 -0700] "POST /123321.php HTTP/1.1" 404 73 "-" "gSOAP/2.7" "redlug.com"
14.164.157.40 - - [03/Oct/2015:17:43:07 -0700] "POST /123321.php HTTP/1.1" 404 73 "-" "gSOAP/2.7" "redlug.com"
78.137.36.167 - - [03/Oct/2015:17:44:20 -0700] "GET /+http://redlug.com/logs/access.log HTTP/1.1" 404 73 "http://lava.hellospace.org/programma-dlya-zapisi-videochata.html" "Mozilla/4.0 (compatible; MSIE 8.0; Windows NT 5.2; Trident/4.0; .NET CLR 1.1.4322)" "redlug.com"
78.137.36.167 - - [03/Oct/2015:17:44:20 -0700] "GET /+http://redlug.com/logs/access.log HTTP/1.1" 404 73 "http://lava.hellospace.org/programma-dlya-zapisi-videochata.html" "Mozilla/5.0 (Windows NT 6.1; rv:15.0) Gecko/20100101 Firefox/15.0.1" "redlug.com"
78.137.36.167 - - [03/Oct/2015:17:44:21 -0700] "GET /redlug.com/logs/access.log HTTP/1.1" 404 73 "http://lava.hellospace.org/programma-dlya-zapisi-videochata.html" "Mozilla/5.0 (Windows NT 6.1; rv:15.0) Gecko/20100101 Firefox/15.0.1" "redlug.com"
78.137.36.167 - - [03/Oct/2015:17:44:21 -0700] "GET /+http://redlug.com/logs/access.log HTTP/1.1" 404 73 "http://lava.hellospace.org/programma-dlya-zapisi-videochata.html" "Mozilla/5.0 (Windows NT 5.1) AppleWebKit/536.11 (KHTML, like Gecko) Chrome/20.0.1132.57 Safari/536.11" "redlug.com"
78.137.36.167 - - [03/Oct/2015:17:44:21 -0700] "GET /redlug.com/logs/access.log HTTP/1.1" 404 73 "http://lava.hellospace.org/programma-dlya-zapisi-videochata.html" "Mozilla/5.0 (Windows NT 5.1) AppleWebKit/536.11 (KHTML, like Gecko) Chrome/20.0.1132.57 Safari/536.11" "redlug.com"
78.137.36.167 - - [03/Oct/2015:17:44:22 -0700] "GET /+http://redlug.com/logs/access.log HTTP/1.1" 404 73 "http://lava.hellospace.org/programma-dlya-zapisi-videochata.html" "Mozilla/5.0 (Windows NT 5.1) AppleWebKit/536.11 (KHTML, like Gecko) Chrome/20.0.1132.57 Safari/536.11" "redlug.com"
78.137.36.167 - - [03/Oct/2015:17:44:22 -0700] "GET /redlug.com/logs/access.log HTTP/1.1" 404 73 "http://lava.hellospace.org/programma-dlya-zapisi-videochata.html" "Mozilla/5.0 (Windows NT 5.1) AppleWebKit/536.11 (KHTML, like Gecko) Chrome/20.0.1132.57 Safari/536.11" "redlug.com"
78.137.36.167 - - [03/Oct/2015:17:44:22 -0700] "GET /+http://redlug.com/logs/access.log HTTP/1.1" 404 73 "http://lava.hellospace.org/programma-dlya-zapisi-videochata.html" "Mozilla/5.0 (Windows NT 6.1; WOW64) AppleWebKit/535.12 (KHTML, like Gecko) Maxthon/3.0 Chrome/18.0.966.0 Safari/535.12" "redlug.com"
78.137.36.167 - - [03/Oct/2015:17:44:23 -0700] "GET /redlug.com/logs/access.log HTTP/1.1" 404 73 "http://lava.hellospace.org/programma-dlya-zapisi-videochata.html" "Mozilla/5.0 (Windows NT 6.1; WOW64) AppleWebKit/535.12 (KHTML, like Gecko) Maxthon/3.0 Chrome/18.0.966.0 Safari/535.12" "redlug.com"
31.184.238.128 - - [03/Oct/2015:17:46:03 -0700] "GET /logs/access.log HTTP/1.1" 200 17146 "http://www.theknot.com/wedding/rebetol-and-rx" "Mozilla/5.0 (Windows NT 6.2; WOW64) AppleWebKit/537.36 (KHTML, like Gecko) Chrome/32.0.1700.76 Safari/537.36" "redlug.com"
155.94.134.89 - - [03/Oct/2015:17:47:08 -0700] "GET /logs/access.log HTTP/1.1" 200 2109 "http://redlug.com/" "Mozilla/5.0 (X11; Ubuntu; Linux i686; rv:34.0) Gecko/20100101 Firefox/34.0" "redlug.com"
31.184.238.128 - - [03/Oct/2015:17:47:32 -0700] "GET /logs/access.log HTTP/1.1" 200 17607 "http://verapamil-buy.soup.io" "Opera/9.80 (Windows NT 5.1) Presto/2.12.388 Version/12.16" "redlug.com"
212.92.232.129 - - [03/Oct/2015:17:47:55 -0700] "GET /logs/access_130930.log HTTP/1.1" 404 73 "https://www.ymlp.com/zk4c7S" "Opera/9.80 (Windows NT 5.1; U; ru) Presto/2.10.289 Version/12.02" "redlug.com"
212.92.232.129 - - [03/Oct/2015:17:47:56 -0700] "GET /logs/access_130930.log HTTP/1.1" 404 73 "https://www.ymlp.com/zk4c7S" "Mozilla/5.0 (Macintosh; Intel Mac OS X 10.8; rv:16.0) Gecko/20100101 Firefox/16.0" "redlug.com"
212.92.232.129 - - [03/Oct/2015:17:47:56 -0700] "GET /access_130930.log HTTP/1.1" 404 73 "https://www.ymlp.com/zk4c7S" "Mozilla/5.0 (Macintosh; Intel Mac OS X 10.8; rv:16.0) Gecko/20100101 Firefox/16.0" "redlug.com"
212.92.232.129 - - [03/Oct/2015:17:47:56 -0700] "GET /logs/access_130930.log HTTP/1.1" 404 73 "https://www.ymlp.com/zk4c7S" "Mozilla/4.0 (compatible; MSIE 8.0; Windows NT 5.1; Trident/4.0; .NET CLR 1.1.4322; .NET CLR 2.0.50727; .NET CLR 3.0.4506.2152; .NET CLR 3.5.30729)" "redlug.com"
212.92.232.129 - - [03/Oct/2015:17:47:58 -0700] "GET /access_130930.log HTTP/1.1" 404 73 "https://www.ymlp.com/zk4c7S" "Mozilla/4.0 (compatible; MSIE 8.0; Windows NT 5.1; Trident/4.0; .NET CLR 1.1.4322; .NET CLR 2.0.50727; .NET CLR 3.0.4506.2152; .NET CLR 3.5.30729)" "redlug.com"
212.92.232.129 - - [03/Oct/2015:17:47:59 -0700] "GET /logs/access_130930.log HTTP/1.1" 404 73 "https://www.ymlp.com/zk4c7S" "Opera/9.80 (Windows NT 6.1) Presto/2.12.388 Version/12.10" "redlug.com"
212.92.232.129 - - [03/Oct/2015:17:48:00 -0700] "GET /access_130930.log HTTP/1.1" 404 73 "https://www.ymlp.com/zk4c7S" "Opera/9.80 (Windows NT 6.1) Presto/2.12.388 Version/12.10" "redlug.com"
14.164.157.40 - - [03/Oct/2015:17:48:07 -0700] "POST /123321.php HTTP/1.1" 404 73 "-" "gSOAP/2.7" "redlug.com"
37.203.212.191 - - [03/Oct/2015:17:48:54 -0700] "GET /logs/access.log HTTP/1.1" 200 2306 "http://redlug.com/" "Mozilla/5.0 (X11; Linux x86_64) AppleWebKit/537.36 (KHTML, like Gecko) Chrome/39.0.2171.99 Safari/537.36" "redlug.com"
78.137.36.167 - - [03/Oct/2015:17:51:49 -0700] "GET /+http://redlug.com/logs/access.log HTTP/1.1" 404 73 "http://lava.hellospace.org/chat-na-eroticheskie-temi.html" "Mozilla/5.0 (Windows NT 6.1; WOW64; rv:12.0) Gecko/20100101 Firefox/12.0" "redlug.com"
78.137.36.167 - - [03/Oct/2015:17:51:49 -0700] "GET /+http://redlug.com/logs/access.log HTTP/1.1" 404 89 "http://lava.hellospace.org/chat-na-eroticheskie-temi.html" "Mozilla/5.0 (Windows NT 6.1; WOW64; rv:17.0) Gecko/17.0 Firefox/17.0" "redlug.com"
78.137.36.167 - - [03/Oct/2015:17:51:50 -0700] "GET /redlug.com/logs/access.log HTTP/1.1" 404 73 "http://lava.hellospace.org/chat-na-eroticheskie-temi.html" "Mozilla/5.0 (Windows NT 6.1; WOW64; rv:17.0) Gecko/17.0 Firefox/17.0" "redlug.com"
78.137.36.167 - - [03/Oct/2015:17:51:50 -0700] "GET /+http://redlug.com/logs/access.log HTTP/1.1" 404 73 "http://lava.hellospace.org/chat-na-eroticheskie-temi.html" "Opera/9.80 (Windows NT 6.2; WOW64; MRA 8.0 (build 5784)) Presto/2.12.388 Version/12.10" "redlug.com"
78.137.36.167 - - [03/Oct/2015:17:51:50 -0700] "GET /redlug.com/logs/access.log HTTP/1.1" 404 73 "http://lava.hellospace.org/chat-na-eroticheskie-temi.html" "Opera/9.80 (Windows NT 6.2; WOW64; MRA 8.0 (build 5784)) Presto/2.12.388 Version/12.10" "redlug.com"
78.137.36.167 - - [03/Oct/2015:17:51:51 -0700] "GET /+http://redlug.com/logs/access.log HTTP/1.1" 404 73 "http://lava.hellospace.org/chat-na-eroticheskie-temi.html" "Opera/9.80 (Windows NT 6.1; U; ru) Presto/2.7.39 Version/11.00" "redlug.com"
78.137.36.167 - - [03/Oct/2015:17:51:51 -0700] "GET /redlug.com/logs/access.log HTTP/1.1" 404 73 "http://lava.hellospace.org/chat-na-eroticheskie-temi.html" "Opera/9.80 (Windows NT 6.1; U; ru) Presto/2.7.39 Version/11.00" "redlug.com"
78.137.36.167 - - [03/Oct/2015:17:51:51 -0700] "GET /+http://redlug.com/logs/access.log HTTP/1.1" 404 73 "http://lava.hellospace.org/chat-na-eroticheskie-temi.html" "Mozilla/5.0 (Windows NT 5.1) AppleWebKit/535.19 (KHTML, like Gecko) Chrome/18.0.1025.1634 Safari/535.19 YI" "redlug.com"
78.137.36.167 - - [03/Oct/2015:17:51:52 -0700] "GET /redlug.com/logs/access.log HTTP/1.1" 404 73 "http://lava.hellospace.org/chat-na-eroticheskie-temi.html" "Mozilla/5.0 (Windows NT 5.1) AppleWebKit/535.19 (KHTML, like Gecko) Chrome/18.0.1025.1634 Safari/535.19 YI" "redlug.com"
14.164.157.40 - - [03/Oct/2015:17:53:08 -0700] "POST /123321.php HTTP/1.1" 404 73 "-" "gSOAP/2.7" "redlug.com"
31.184.238.128 - - [03/Oct/2015:17:54:48 -0700] "GET /logs/access.log HTTP/1.1" 200 22163 "http://alfuzosin10mgk2.forumcircle.com" "Mozilla/5.0 (Windows NT 6.1; WOW64) AppleWebKit/537.36 (KHTML, like Gecko) Chrome/32.0.1700.102 Safari/537.36" "redlug.com"
31.184.238.128 - - [03/Oct/2015:17:56:15 -0700] "GET /logs/access.log HTTP/1.1" 200 22419 "http://propranolol-10mg-order-no-rx.soup.io" "Mozilla/5.0 (Windows NT 6.1; WOW64) AppleWebKit/537.36 (KHTML, like Gecko) Chrome/32.0.1700.102 Safari/537.36 OPR/19.0.1326.59" "redlug.com"
14.164.157.40 - - [03/Oct/2015:17:58:08 -0700] "POST /123321.php HTTP/1.1" 404 73 "-" "gSOAP/2.7" "redlug.com"
78.137.36.167 - - [03/Oct/2015:17:59:19 -0700] "GET /+http://redlug.com/logs/access.log HTTP/1.1" 404 73 "http://lava.hellospace.org/veb-kamera-inkubator-besplatno-zrelie.html" "Opera/9.80 (Windows NT 6.1; WOW64; U; ru) Presto/2.10.289 Version/12.01" "redlug.com"
78.137.36.167 - - [03/Oct/2015:17:59:19 -0700] "GET /+http://redlug.com/logs/access.log HTTP/1.1" 404 73 "http://lava.hellospace.org/veb-kamera-inkubator-besplatno-zrelie.html" "Mozilla/5.0 (Windows NT 6.1; WOW64) AppleWebKit/535.19 (KHTML, like Gecko) Chrome/18.0.1025.1634 Safari/535.19 YI" "redlug.com"
78.137.36.167 - - [03/Oct/2015:17:59:19 -0700] "GET /redlug.com/logs/access.log HTTP/1.1" 404 73 "http://lava.hellospace.org/veb-kamera-inkubator-besplatno-zrelie.html" "Mozilla/5.0 (Windows NT 6.1; WOW64) AppleWebKit/535.19 (KHTML, like Gecko) Chrome/18.0.1025.1634 Safari/535.19 YI" "redlug.com"
78.137.36.167 - - [03/Oct/2015:17:59:20 -0700] "GET /+http://redlug.com/logs/access.log HTTP/1.1" 404 73 "http://lava.hellospace.org/veb-kamera-inkubator-besplatno-zrelie.html" "Mozilla/5.0 (Windows NT 6.1) AppleWebKit/535.19 (KHTML, like Gecko) Chrome/18.0.1025.1634 Safari/535.19 YE" "redlug.com"
78.137.36.167 - - [03/Oct/2015:17:59:20 -0700] "GET /redlug.com/logs/access.log HTTP/1.1" 404 73 "http://lava.hellospace.org/veb-kamera-inkubator-besplatno-zrelie.html" "Mozilla/5.0 (Windows NT 6.1) AppleWebKit/535.19 (KHTML, like Gecko) Chrome/18.0.1025.1634 Safari/535.19 YE" "redlug.com"
78.137.36.167 - - [03/Oct/2015:17:59:20 -0700] "GET /+http://redlug.com/logs/access.log HTTP/1.1" 404 73 "http://lava.hellospace.org/veb-kamera-inkubator-besplatno-zrelie.html" "Mozilla/5.0 (Windows NT 5.1; rv:11.0) Gecko/20100101 Firefox/11.0" "redlug.com"
78.137.36.167 - - [03/Oct/2015:17:59:21 -0700] "GET /redlug.com/logs/access.log HTTP/1.1" 404 73 "http://lava.hellospace.org/veb-kamera-inkubator-besplatno-zrelie.html" "Mozilla/5.0 (Windows NT 5.1; rv:11.0) Gecko/20100101 Firefox/11.0" "redlug.com"
78.137.36.167 - - [03/Oct/2015:17:59:21 -0700] "GET /+http://redlug.com/logs/access.log HTTP/1.1" 404 89 "http://lava.hellospace.org/veb-kamera-inkubator-besplatno-zrelie.html" "Mozilla/5.0 (Windows NT 5.2; rv:16.0) Gecko/20100101 Firefox/16.0" "redlug.com"
78.137.36.167 - - [03/Oct/2015:17:59:21 -0700] "GET /redlug.com/logs/access.log HTTP/1.1" 404 73 "http://lava.hellospace.org/veb-kamera-inkubator-besplatno-zrelie.html" "Mozilla/5.0 (Windows NT 5.2; rv:16.0) Gecko/20100101 Firefox/16.0" "redlug.com"
14.164.157.40 - - [03/Oct/2015:18:03:09 -0700] "POST /123321.php HTTP/1.1" 404 73 "-" "gSOAP/2.7" "redlug.com"
31.184.238.128 - - [03/Oct/2015:18:03:34 -0700] "GET /logs/access.log HTTP/1.1" 200 25393 "http://order-doxepin-75mg-without-rx.soup.io" "Mozilla/5.0 (Windows NT 6.1; rv:26.0) Gecko/20100101 Firefox/26.0" "redlug.com"
31.184.238.128 - - [03/Oct/2015:18:05:04 -0700] "GET /logs/access.log HTTP/1.1" 200 25611 "http://buyrisperidonedk.soup.io" "Mozilla/5.0 (Windows NT 6.1; WOW64) AppleWebKit/537.36 (KHTML, like Gecko) Chrome/32.0.1700.76 Safari/537.36" "redlug.com"
78.137.36.167 - - [03/Oct/2015:18:06:59 -0700] "GET /+http://redlug.com/logs/access.log HTTP/1.1" 404 73 "http://polka.freehosting.md/golie-runetki.html" "Mozilla/5.0 (Windows NT 5.1; rv:13.0) Gecko/20100101 Firefox/13.0" "redlug.com"
78.137.36.167 - - [03/Oct/2015:18:06:59 -0700] "GET /+http://redlug.com/logs/access.log HTTP/1.1" 404 89 "http://polka.freehosting.md/golie-runetki.html" "Opera/9.80 (Windows NT 5.1; U; ru) Presto/2.10.289 Version/12.01" "redlug.com"
78.137.36.167 - - [03/Oct/2015:18:06:59 -0700] "GET /redlug.com/logs/access.log HTTP/1.1" 404 73 "http://polka.freehosting.md/golie-runetki.html" "Opera/9.80 (Windows NT 5.1; U; ru) Presto/2.10.289 Version/12.01" "redlug.com"
78.137.36.167 - - [03/Oct/2015:18:07:00 -0700] "GET /+http://redlug.com/logs/access.log HTTP/1.1" 404 73 "http://polka.freehosting.md/golie-runetki.html" "Mozilla/5.0 (compatible; MSIE 9.0; Windows NT 6.1; Trident/5.0)" "redlug.com"
78.137.36.167 - - [03/Oct/2015:18:07:00 -0700] "GET /redlug.com/logs/access.log HTTP/1.1" 404 73 "http://polka.freehosting.md/golie-runetki.html" "Mozilla/5.0 (compatible; MSIE 9.0; Windows NT 6.1; Trident/5.0)" "redlug.com"
78.137.36.167 - - [03/Oct/2015:18:07:00 -0700] "GET /+http://redlug.com/logs/access.log HTTP/1.1" 404 73 "http://polka.freehosting.md/golie-runetki.html" "Opera/9.80 (Windows NT 6.1; WOW64; MRA 8.0 (build 5880)) Presto/2.12.388 Version/12.11" "redlug.com"
78.137.36.167 - - [03/Oct/2015:18:07:01 -0700] "GET /redlug.com/logs/access.log HTTP/1.1" 404 73 "http://polka.freehosting.md/golie-runetki.html" "Opera/9.80 (Windows NT 6.1; WOW64; MRA 8.0 (build 5880)) Presto/2.12.388 Version/12.11" "redlug.com"
78.137.36.167 - - [03/Oct/2015:18:07:01 -0700] "GET /+http://redlug.com/logs/access.log HTTP/1.1" 404 73 "http://polka.freehosting.md/golie-runetki.html" "Mozilla/5.0 (Macintosh; Intel Mac OS X 10.7; rv:16.0) Gecko/20100101 Firefox/16.0" "redlug.com"
78.137.36.167 - - [03/Oct/2015:18:07:01 -0700] "GET /redlug.com/logs/access.log HTTP/1.1" 404 73 "http://polka.freehosting.md/golie-runetki.html" "Mozilla/5.0 (Macintosh; Intel Mac OS X 10.7; rv:16.0) Gecko/20100101 Firefox/16.0" "redlug.com"
14.164.157.40 - - [03/Oct/2015:18:08:09 -0700] "POST /123321.php HTTP/1.1" 404 73 "-" "gSOAP/2.7" "redlug.com"
31.184.238.128 - - [03/Oct/2015:18:12:20 -0700] "GET /logs/access.log HTTP/1.1" 200 28121 "http://metoclopramidevb.over-blog.com/2014/04/buy-metoclopramide-can-you-buy-metoclopramide-over-counter-us.html" "Mozilla/5.0 (Windows NT 6.2; WOW64) AppleWebKit/537.36 (KHTML, like Gecko) Chrome/32.0.1700.76 Safari/537.36" "redlug.com"
14.164.157.40 - - [03/Oct/2015:18:13:09 -0700] "POST /123321.php HTTP/1.1" 404 73 "-" "gSOAP/2.7" "redlug.com"
31.184.238.128 - - [03/Oct/2015:18:13:48 -0700] "GET /logs/access.log HTTP/1.1" 200 28561 "http://buyetodolaccheap.snack.ws" "Mozilla/5.0 (Windows NT 6.1; WOW64; rv:26.0) Gecko/20100101 Firefox/26.0" "redlug.com"
212.92.232.129 - - [03/Oct/2015:18:14:35 -0700] "GET /logs/access_130930.log HTTP/1.1" 404 73 "https://www.ymlp.com/zk4c7S" "Mozilla/5.0 (Windows NT 5.1; rv:16.0) Gecko/20100101 Firefox/16.0" "redlug.com"
212.92.232.129 - - [03/Oct/2015:18:14:36 -0700] "GET /logs/access_130930.log HTTP/1.1" 404 73 "https://www.ymlp.com/zk4c7S" "Opera/9.80 (Windows NT 6.1; WOW64) Presto/2.12.388 Version/12.10" "redlug.com"
212.92.232.129 - - [03/Oct/2015:18:14:37 -0700] "GET /access_130930.log HTTP/1.1" 404 73 "https://www.ymlp.com/zk4c7S" "Opera/9.80 (Windows NT 6.1; WOW64) Presto/2.12.388 Version/12.10" "redlug.com"
212.92.232.129 - - [03/Oct/2015:18:14:38 -0700] "GET /logs/access_130930.log HTTP/1.1" 404 73 "https://www.ymlp.com/zk4c7S" "Mozilla/4.0 (compatible; MSIE 8.0; Windows NT 5.1; Trident/4.0)" "redlug.com"
212.92.232.129 - - [03/Oct/2015:18:14:40 -0700] "GET /access_130930.log HTTP/1.1" 404 73 "https://www.ymlp.com/zk4c7S" "Mozilla/4.0 (compatible; MSIE 8.0; Windows NT 5.1; Trident/4.0)" "redlug.com"
78.137.36.167 - - [03/Oct/2015:18:14:41 -0700] "GET /+http://redlug.com/logs/access.log HTTP/1.1" 404 73 "http://polka.freehosting.md/skachat-porno-seks-russkiy.html" "Mozilla/5.0 (Windows NT 6.1; WOW64) AppleWebKit/537.11 (KHTML, like Gecko) Chrome/23.0.1.0 Safari/537.11" "redlug.com"
78.137.36.167 - - [03/Oct/2015:18:14:41 -0700] "GET /+http://redlug.com/logs/access.log HTTP/1.1" 404 73 "http://polka.freehosting.md/skachat-porno-seks-russkiy.html" "Mozilla/5.0 (Windows NT 6.1; rv:10.0.2) Gecko/20100101 Firefox/10.0.2" "redlug.com"
78.137.36.167 - - [03/Oct/2015:18:14:41 -0700] "GET /redlug.com/logs/access.log HTTP/1.1" 404 73 "http://polka.freehosting.md/skachat-porno-seks-russkiy.html" "Mozilla/5.0 (Windows NT 6.1; rv:10.0.2) Gecko/20100101 Firefox/10.0.2" "redlug.com"
78.137.36.167 - - [03/Oct/2015:18:14:42 -0700] "GET /+http://redlug.com/logs/access.log HTTP/1.1" 404 89 "http://polka.freehosting.md/skachat-porno-seks-russkiy.html" "Mozilla/5.0 (Windows NT 5.2; rv:12.0) Gecko/20100101 Firefox/12.0" "redlug.com"
78.137.36.167 - - [03/Oct/2015:18:14:42 -0700] "GET /redlug.com/logs/access.log HTTP/1.1" 404 73 "http://polka.freehosting.md/skachat-porno-seks-russkiy.html" "Mozilla/5.0 (Windows NT 5.2; rv:12.0) Gecko/20100101 Firefox/12.0" "redlug.com"
212.92.232.129 - - [03/Oct/2015:18:14:42 -0700] "GET /logs/access_130930.log HTTP/1.1" 404 73 "https://www.ymlp.com/zk4c7S" "Mozilla/5.0 (Windows NT 6.2) AppleWebKit/537.11 (KHTML, like Gecko) Chrome/23.0.1271.64 Safari/537.11" "redlug.com"
78.137.36.167 - - [03/Oct/2015:18:14:43 -0700] "GET /+http://redlug.com/logs/access.log HTTP/1.1" 404 73 "http://polka.freehosting.md/skachat-porno-seks-russkiy.html" "Mozilla/5.0 (Windows NT 6.0) AppleWebKit/537.11 (KHTML, like Gecko) Chrome/23.0.1271.91 Safari/537.11" "redlug.com"
78.137.36.167 - - [03/Oct/2015:18:14:43 -0700] "GET /redlug.com/logs/access.log HTTP/1.1" 404 73 "http://polka.freehosting.md/skachat-porno-seks-russkiy.html" "Mozilla/5.0 (Windows NT 6.0) AppleWebKit/537.11 (KHTML, like Gecko) Chrome/23.0.1271.91 Safari/537.11" "redlug.com"
78.137.36.167 - - [03/Oct/2015:18:14:43 -0700] "GET /+http://redlug.com/logs/access.log HTTP/1.1" 404 73 "http://polka.freehosting.md/skachat-porno-seks-russkiy.html" "Mozilla/5.0 (Windows NT 6.1; rv:17.0) Gecko/20100101 Firefox/17.0" "redlug.com"
78.137.36.167 - - [03/Oct/2015:18:14:44 -0700] "GET /redlug.com/logs/access.log HTTP/1.1" 404 73 "http://polka.freehosting.md/skachat-porno-seks-russkiy.html" "Mozilla/5.0 (Windows NT 6.1; rv:17.0) Gecko/20100101 Firefox/17.0" "redlug.com"
212.92.232.129 - - [03/Oct/2015:18:14:45 -0700] "GET /access_130930.log HTTP/1.1" 404 73 "https://www.ymlp.com/zk4c7S" "Mozilla/5.0 (Windows NT 6.2) AppleWebKit/537.11 (KHTML, like Gecko) Chrome/23.0.1271.64 Safari/537.11" "redlug.com"
107.10.215.5 - - [03/Oct/2015:18:15:00 -0700] "GET /logs/access.log HTTP/1.1" 200 3134 "-" "Mozilla/5.0 (Macintosh; Intel Mac OS X 10_10_2) AppleWebKit/537.36 (KHTML, like Gecko) Chrome/45.0.2454.101 Safari/537.36" "redlug.com"
107.10.215.5 - - [03/Oct/2015:18:16:18 -0700] "GET /logs/access.log HTTP/1.1" 200 3181 "https://www.google.com/" "Mozilla/5.0 (Macintosh; Intel Mac OS X 10_10_2) AppleWebKit/537.36 (KHTML, like Gecko) Chrome/45.0.2454.101 Safari/537.36" "redlug.com"
210.14.134.7 - - [03/Oct/2015:18:17:31 -0700] "GET /logs/access.log HTTP/1.1" 200 33057 "http://redlug.com/" "Mozilla/5.0 (X11; Linux x86_64) AppleWebKit/537.36 (KHTML, like Gecko) Chrome/39.0.2171.99 Safari/537.36" "redlug.com"
192.111.137.125 - - [03/Oct/2015:18:17:50 -0700] "GET /logs/access.log HTTP/1.1" 200 3226 "http://redlug.com/" "Mozilla/5.0 (X11; Ubuntu; Linux i686; rv:34.0) Gecko/20100101 Firefox/34.0" "redlug.com"
14.164.157.40 - - [03/Oct/2015:18:18:10 -0700] "POST /123321.php HTTP/1.1" 404 73 "-" "gSOAP/2.7" "redlug.com"
217.156.34.119 - - [03/Oct/2015:18:19:03 -0700] "GET /logs/access.log HTTP/1.1" 200 3256 "http://redlug.com/" "Mozilla/5.0 (X11; Ubuntu; Linux i686; rv:34.0) Gecko/20100101 Firefox/34.0" "redlug.com"
180.76.15.22 - - [03/Oct/2015:18:19:54 -0700] "GET /pdf/SCWpamphlet.pdf HTTP/1.1" 200 376103 "-" "Mozilla/5.0 (compatible; Baiduspider/2.0; +http://www.baidu.com/search/spider.html)" "www.redlug.com"
31.184.238.128 - - [03/Oct/2015:18:21:03 -0700] "GET /logs/access.log HTTP/1.1" 200 33998 "http://www.theknot.com/wedding/tizanidine-and-guaranteed" "Mozilla/5.0 (Windows NT 6.1) AppleWebKit/537.36 (KHTML, like Gecko) Chrome/33.0.1750.146 Safari/537.36" "redlug.com"
78.137.36.167 - - [03/Oct/2015:18:22:09 -0700] "GET /+http://redlug.com/logs/access.log HTTP/1.1" 404 73 "http://germchat.freehosting.md/ne-rabotaet-vebkamera.html" "Opera/9.80 (Windows NT 6.0; U; ru) Presto/2.10.289 Version/12.02" "redlug.com"
78.137.36.167 - - [03/Oct/2015:18:22:10 -0700] "GET /+http://redlug.com/logs/access.log HTTP/1.1" 404 73 "http://germchat.freehosting.md/ne-rabotaet-vebkamera.html" "Mozilla/5.0 (Windows NT 5.1) AppleWebKit/535.19 (KHTML, like Gecko) Chrome/18.0.1025.1634 Safari/535.19 YE" "redlug.com"
78.137.36.167 - - [03/Oct/2015:18:22:10 -0700] "GET /redlug.com/logs/access.log HTTP/1.1" 404 73 "http://germchat.freehosting.md/ne-rabotaet-vebkamera.html" "Mozilla/5.0 (Windows NT 5.1) AppleWebKit/535.19 (KHTML, like Gecko) Chrome/18.0.1025.1634 Safari/535.19 YE" "redlug.com"
78.137.36.167 - - [03/Oct/2015:18:22:10 -0700] "GET /+http://redlug.com/logs/access.log HTTP/1.1" 404 73 "http://germchat.freehosting.md/ne-rabotaet-vebkamera.html" "Mozilla/5.0 (Windows NT 5.1; rv:14.0) Gecko/20100101 Firefox/14.0.1" "redlug.com"
78.137.36.167 - - [03/Oct/2015:18:22:11 -0700] "GET /redlug.com/logs/access.log HTTP/1.1" 404 73 "http://germchat.freehosting.md/ne-rabotaet-vebkamera.html" "Mozilla/5.0 (Windows NT 5.1; rv:14.0) Gecko/20100101 Firefox/14.0.1" "redlug.com"
78.137.36.167 - - [03/Oct/2015:18:22:11 -0700] "GET /+http://redlug.com/logs/access.log HTTP/1.1" 404 73 "http://germchat.freehosting.md/ne-rabotaet-vebkamera.html" "Mozilla/4.0 (compatible; MSIE 8.0; Windows NT 5.1; Trident/4.0; GTB7.4; MRA 6.0 (build 6005); User-agent: Mozilla/4.0 (compatible; MSIE 6.0; Windows NT 5.1; SV1); .NET CLR 1.1.4322; .NET CLR 2.0.50727; .NET CLR 3.0.4506.2152; .NET CLR 3.5.30729; InfoPath.1; .NET4.0C; .NET4.0E; MRIE8PACK 2.0.1)" "redlug.com"
78.137.36.167 - - [03/Oct/2015:18:22:11 -0700] "GET /redlug.com/logs/access.log HTTP/1.1" 404 73 "http://germchat.freehosting.md/ne-rabotaet-vebkamera.html" "Mozilla/4.0 (compatible; MSIE 8.0; Windows NT 5.1; Trident/4.0; GTB7.4; MRA 6.0 (build 6005); User-agent: Mozilla/4.0 (compatible; MSIE 6.0; Windows NT 5.1; SV1); .NET CLR 1.1.4322; .NET CLR 2.0.50727; .NET CLR 3.0.4506.2152; .NET CLR 3.5.30729; InfoPath.1; .NET4.0C; .NET4.0E; MRIE8PACK 2.0.1)" "redlug.com"
78.137.36.167 - - [03/Oct/2015:18:22:12 -0700] "GET /+http://redlug.com/logs/access.log HTTP/1.1" 404 73 "http://germchat.freehosting.md/ne-rabotaet-vebkamera.html" "Opera/9.80 (Windows NT 6.2; U; en) Presto/2.10.289 Version/12.02" "redlug.com"
78.137.36.167 - - [03/Oct/2015:18:22:12 -0700] "GET /redlug.com/logs/access.log HTTP/1.1" 404 73 "http://germchat.freehosting.md/ne-rabotaet-vebkamera.html" "Opera/9.80 (Windows NT 6.2; U; en) Presto/2.10.289 Version/12.02" "redlug.com"
31.184.238.128 - - [03/Oct/2015:18:22:30 -0700] "GET /logs/access.log HTTP/1.1" 200 36988 "http://order-danocrine-100mg-cheap.soup.io" "Mozilla/5.0 (Windows NT 6.1) AppleWebKit/537.36 (KHTML, like Gecko) Chrome/32.0.1700.76 Safari/537.36" "redlug.com"
14.164.157.40 - - [03/Oct/2015:18:23:10 -0700] "POST /123321.php HTTP/1.1" 404 73 "-" "gSOAP/2.7" "redlug.com"
96.56.101.150 - - [03/Oct/2015:18:25:12 -0700] "GET /logs/access.log HTTP/1.1" 200 3498 "http://redlug.com/" "Mozilla/5.0 (X11; Linux x86_64) AppleWebKit/537.36 (KHTML, like Gecko) Chrome/39.0.2171.99 Safari/537.36" "redlug.com"
217.156.34.119 - - [03/Oct/2015:18:27:01 -0700] "GET /logs/access.log HTTP/1.1" 200 37580 "http://redlug.com/" "Mozilla/5.0 (X11; Ubuntu; Linux i686; rv:34.0) Gecko/20100101 Firefox/34.0" "redlug.com"
100.43.81.157 - - [03/Oct/2015:18:27:40 -0700] "GET /logs/access.log HTTP/1.1" 200 3537 "-" "Mozilla/5.0 (compatible; YandexBot/3.0; +http://yandex.com/bots)" "redlug.com"
14.164.157.40 - - [03/Oct/2015:18:28:10 -0700] "POST /123321.php HTTP/1.1" 404 73 "-" "gSOAP/2.7" "redlug.com"
31.184.238.128 - - [03/Oct/2015:18:29:50 -0700] "GET /logs/access.log HTTP/1.1" 200 38064 "http://buypromethazineonlinewholesale.soup.io" "Opera/9.80 (Windows NT 6.1; WOW64) Presto/2.12.388 Version/12.16" "redlug.com"
78.137.36.167 - - [03/Oct/2015:18:29:57 -0700] "GET /+http://redlug.com/logs/access.log HTTP/1.1" 404 73 "http://germchat.freehosting.md/krim-sudak-veb-kamera-onlayn-realnoe-vremya.html" "Mozilla/5.0 (Windows NT 6.1; rv:14.0) Gecko/20100101 Firefox/14.0.1" "redlug.com"
78.137.36.167 - - [03/Oct/2015:18:29:57 -0700] "GET /+http://redlug.com/logs/access.log HTTP/1.1" 404 73 "http://germchat.freehosting.md/krim-sudak-veb-kamera-onlayn-realnoe-vremya.html" "Mozilla/5.0 (Windows NT 6.0) AppleWebKit/537.11 (KHTML, like Gecko) Chrome/23.0.1271.64 Safari/537.11" "redlug.com"
78.137.36.167 - - [03/Oct/2015:18:29:58 -0700] "GET /redlug.com/logs/access.log HTTP/1.1" 404 73 "http://germchat.freehosting.md/krim-sudak-veb-kamera-onlayn-realnoe-vremya.html" "Mozilla/5.0 (Windows NT 6.0) AppleWebKit/537.11 (KHTML, like Gecko) Chrome/23.0.1271.64 Safari/537.11" "redlug.com"
78.137.36.167 - - [03/Oct/2015:18:29:58 -0700] "GET /+http://redlug.com/logs/access.log HTTP/1.1" 404 73 "http://germchat.freehosting.md/krim-sudak-veb-kamera-onlayn-realnoe-vremya.html" "Mozilla/5.0 (Windows NT 6.2; WOW64) AppleWebKit/537.11 (KHTML, like Gecko) Chrome/23.0.1271.91 Safari/537.11" "redlug.com"
78.137.36.167 - - [03/Oct/2015:18:29:58 -0700] "GET /redlug.com/logs/access.log HTTP/1.1" 404 73 "http://germchat.freehosting.md/krim-sudak-veb-kamera-onlayn-realnoe-vremya.html" "Mozilla/5.0 (Windows NT 6.2; WOW64) AppleWebKit/537.11 (KHTML, like Gecko) Chrome/23.0.1271.91 Safari/537.11" "redlug.com"
78.137.36.167 - - [03/Oct/2015:18:29:59 -0700] "GET /+http://redlug.com/logs/access.log HTTP/1.1" 404 89 "http://germchat.freehosting.md/krim-sudak-veb-kamera-onlayn-realnoe-vremya.html" "Opera/9.80 (Windows NT 6.1; Win64; x64) Presto/2.12.388 Version/12.11" "redlug.com"
78.137.36.167 - - [03/Oct/2015:18:29:59 -0700] "GET /redlug.com/logs/access.log HTTP/1.1" 404 89 "http://germchat.freehosting.md/krim-sudak-veb-kamera-onlayn-realnoe-vremya.html" "Opera/9.80 (Windows NT 6.1; Win64; x64) Presto/2.12.388 Version/12.11" "redlug.com"
78.137.36.167 - - [03/Oct/2015:18:30:00 -0700] "GET /+http://redlug.com/logs/access.log HTTP/1.1" 404 73 "http://germchat.freehosting.md/krim-sudak-veb-kamera-onlayn-realnoe-vremya.html" "Mozilla/5.0 (Windows NT 6.1) AppleWebKit/537.11 (KHTML, like Gecko) Chrome/23.0.1271.64 Safari/537.11" "redlug.com"
78.137.36.167 - - [03/Oct/2015:18:30:00 -0700] "GET /redlug.com/logs/access.log HTTP/1.1" 404 73 "http://germchat.freehosting.md/krim-sudak-veb-kamera-onlayn-realnoe-vremya.html" "Mozilla/5.0 (Windows NT 6.1) AppleWebKit/537.11 (KHTML, like Gecko) Chrome/23.0.1271.64 Safari/537.11" "redlug.com"
31.184.238.128 - - [03/Oct/2015:18:31:18 -0700] "GET /logs/access.log HTTP/1.1" 200 40902 "http://buy-aralen-500mg-no-rx.soup.io" "Mozilla/5.0 (Windows NT 6.3; WOW64) AppleWebKit/537.36 (KHTML, like Gecko) Chrome/32.0.1700.76 Safari/537.36" "redlug.com"
14.164.157.40 - - [03/Oct/2015:18:33:09 -0700] "POST /123321.php HTTP/1.1" 404 73 "-" "gSOAP/2.7" "redlug.com"
103.242.202.196 - - [03/Oct/2015:18:33:19 -0700] "GET / HTTP/1.1" 200 1271 "http://www.baidu.com" "Mozilla/5.0 (Windows NT 6.1; WOW64) AppleWebKit/537.36 (KHTML, like Gecko) Chrome/41.0.2272.101 Safari/537.36" "redlug.com"
103.242.202.196 - - [03/Oct/2015:18:33:20 -0700] "GET / HTTP/1.1" 200 1271 "http://www.baidu.com" "Mozilla/5.0 (Windows NT 6.1; WOW64) AppleWebKit/537.36 (KHTML, like Gecko) Chrome/41.0.2272.101 Safari/537.36" "redlug.com"
103.242.202.196 - - [03/Oct/2015:18:33:21 -0700] "GET / HTTP/1.1" 200 1271 "http://www.baidu.com" "Mozilla/5.0 (Windows NT 6.1; WOW64) AppleWebKit/537.36 (KHTML, like Gecko) Chrome/41.0.2272.101 Safari/537.36" "redlug.com"
198.245.51.90 - - [03/Oct/2015:18:37:05 -0700] "GET /robots.txt HTTP/1.1" 200 37 "-" "Mozilla/5.0 (compatible; MJ12bot/v1.4.5; http://www.majestic12.co.uk/bot.php?+)" "www.redlug.com"
198.245.51.90 - - [03/Oct/2015:18:37:11 -0700] "GET /BulletinJune02.pdf HTTP/1.1" 404 73 "-" "Mozilla/5.0 (compatible; MJ12bot/v1.4.5; http://www.majestic12.co.uk/bot.php?+)" "www.redlug.com"
198.245.51.90 - - [03/Oct/2015:18:37:13 -0700] "GET /Documents/SSP-Imagine.htm HTTP/1.1" 200 10119 "-" "Mozilla/5.0 (compatible; MJ12bot/v1.4.5; http://www.majestic12.co.uk/bot.php?+)" "www.redlug.com"
198.245.51.90 - - [03/Oct/2015:18:37:18 -0700] "GET /Documents/SSPResult.htm HTTP/1.1" 200 2789 "-" "Mozilla/5.0 (compatible; MJ12bot/v1.4.5; http://www.majestic12.co.uk/bot.php?+)" "www.redlug.com"
198.245.51.90 - - [03/Oct/2015:18:37:34 -0700] "GET /Documents/SocToday.htm HTTP/1.1" 200 23248 "-" "Mozilla/5.0 (compatible; MJ12bot/v1.4.5; http://www.majestic12.co.uk/bot.php?+)" "www.redlug.com"
198.245.51.90 - - [03/Oct/2015:18:37:42 -0700] "GET /Fanon.htm HTTP/1.1" 404 88 "-" "Mozilla/5.0 (compatible; MJ12bot/v1.4.5; http://www.majestic12.co.uk/bot.php?+)" "www.redlug.com"
198.245.51.90 - - [03/Oct/2015:18:37:52 -0700] "GET /JHstateNICEref.htm HTTP/1.1" 404 88 "-" "Mozilla/5.0 (compatible; MJ12bot/v1.4.5; http://www.majestic12.co.uk/bot.php?+)" "www.redlug.com"
198.245.51.90 - - [03/Oct/2015:18:37:54 -0700] "GET /JHstateWASTE.htm HTTP/1.1" 404 89 "-" "Mozilla/5.0 (compatible; MJ12bot/v1.4.5; http://www.majestic12.co.uk/bot.php?+)" "www.redlug.com"
198.245.51.90 - - [03/Oct/2015:18:37:58 -0700] "GET /Jan18threport.htm HTTP/1.1" 404 88 "-" "Mozilla/5.0 (compatible; MJ12bot/v1.4.5; http://www.majestic12.co.uk/bot.php?+)" "www.redlug.com"
207.46.13.93 - - [03/Oct/2015:18:38:04 -0700] "GET /logs/access_150904.log HTTP/1.1" 200 1042995 "-" "Mozilla/5.0 (compatible; bingbot/2.0; +http://www.bing.com/bingbot.htm)" "redlug.com"
14.164.157.40 - - [03/Oct/2015:18:38:09 -0700] "POST /123321.php HTTP/1.1" 404 73 "-" "gSOAP/2.7" "redlug.com"
198.245.51.90 - - [03/Oct/2015:18:38:25 -0700] "GET /Quotes.htm HTTP/1.1" 200 2816 "-" "Mozilla/5.0 (compatible; MJ12bot/v1.4.5; http://www.majestic12.co.uk/bot.php?+)" "www.redlug.com"
198.245.51.90 - - [03/Oct/2015:18:38:30 -0700] "GET /SSUAS.htm HTTP/1.1" 200 1284 "-" "Mozilla/5.0 (compatible; MJ12bot/v1.4.5; http://www.majestic12.co.uk/bot.php?+)" "www.redlug.com"
31.184.238.128 - - [03/Oct/2015:18:38:31 -0700] "GET /logs/access.log HTTP/1.1" 200 44338 "http://7hflutamide.forumcircle.com" "Mozilla/5.0 (Windows NT 5.1) AppleWebKit/537.36 (KHTML, like Gecko) Chrome/32.0.1700.102 Safari/537.36" "redlug.com"
207.46.13.93 - - [03/Oct/2015:18:38:31 -0700] "GET /logs/access_150906.log HTTP/1.1" 200 232235 "-" "Mozilla/5.0 (compatible; bingbot/2.0; +http://www.bing.com/bingbot.htm)" "redlug.com"
207.46.13.93 - - [03/Oct/2015:18:38:33 -0700] "GET /logs/access_150907.log HTTP/1.1" 200 609253 "-" "Mozilla/5.0 (compatible; bingbot/2.0; +http://www.bing.com/bingbot.htm)" "redlug.com"
207.46.13.93 - - [03/Oct/2015:18:38:35 -0700] "GET /IntLeftNews/Korea.htm HTTP/1.1" 200 1167 "-" "Mozilla/5.0 (compatible; bingbot/2.0; +http://www.bing.com/bingbot.htm)" "redlug.com"
207.46.13.93 - - [03/Oct/2015:18:38:35 -0700] "GET /Leaflets/2001/?C=D;O=D HTTP/1.1" 200 450 "-" "Mozilla/5.0 (compatible; bingbot/2.0; +http://www.bing.com/bingbot.htm)" "redlug.com"
198.245.51.90 - - [03/Oct/2015:18:38:36 -0700] "GET /SYsup0702.htm HTTP/1.1" 200 14514 "-" "Mozilla/5.0 (compatible; MJ12bot/v1.4.5; http://www.majestic12.co.uk/bot.php?+)" "www.redlug.com"
207.46.13.93 - - [03/Oct/2015:18:38:36 -0700] "GET /logs/access_150914.log HTTP/1.1" 200 41222 "-" "Mozilla/5.0 (compatible; bingbot/2.0; +http://www.bing.com/bingbot.htm)" "redlug.com"
207.46.13.93 - - [03/Oct/2015:18:38:37 -0700] "GET /logs/access_150916.log HTTP/1.1" 200 1125354 "-" "Mozilla/5.0 (compatible; bingbot/2.0; +http://www.bing.com/bingbot.htm)" "redlug.com"
207.46.13.93 - - [03/Oct/2015:18:38:38 -0700] "GET /logs/access_150917.log HTTP/1.1" 200 175433 "-" "Mozilla/5.0 (compatible; bingbot/2.0; +http://www.bing.com/bingbot.htm)" "redlug.com"
207.46.13.93 - - [03/Oct/2015:18:38:39 -0700] "GET /logs/access_150919.log HTTP/1.1" 200 722509 "-" "Mozilla/5.0 (compatible; bingbot/2.0; +http://www.bing.com/bingbot.htm)" "redlug.com"
207.46.13.93 - - [03/Oct/2015:18:38:40 -0700] "GET /Election07/?C=D;O=D HTTP/1.1" 200 556 "-" "Mozilla/5.0 (compatible; bingbot/2.0; +http://www.bing.com/bingbot.htm)" "redlug.com"
207.46.13.93 - - [03/Oct/2015:18:38:40 -0700] "GET /Documents/NorthernPt1.htm HTTP/1.1" 404 88 "-" "Mozilla/5.0 (compatible; bingbot/2.0; +http://www.bing.com/bingbot.htm)" "redlug.com"
207.46.13.93 - - [03/Oct/2015:18:38:40 -0700] "GET /Assorted/FemaleScience.htm HTTP/1.1" 200 5683 "-" "Mozilla/5.0 (compatible; bingbot/2.0; +http://www.bing.com/bingbot.htm)" "redlug.com"
207.46.13.93 - - [03/Oct/2015:18:38:40 -0700] "GET /Assorted/BSandsReview.htm HTTP/1.1" 200 4988 "-" "Mozilla/5.0 (compatible; bingbot/2.0; +http://www.bing.com/bingbot.htm)" "redlug.com"
207.46.13.93 - - [03/Oct/2015:18:38:41 -0700] "GET /Archive/1975ceasefire.htm HTTP/1.1" 404 88 "-" "Mozilla/5.0 (compatible; bingbot/2.0; +http://www.bing.com/bingbot.htm)" "redlug.com"
207.46.13.93 - - [03/Oct/2015:18:38:41 -0700] "GET /?S=A HTTP/1.1" 200 1271 "-" "Mozilla/5.0 (compatible; bingbot/2.0; +http://www.bing.com/bingbot.htm)" "redlug.com"
207.46.13.93 - - [03/Oct/2015:18:38:42 -0700] "GET /?D=A HTTP/1.1" 200 1271 "-" "Mozilla/5.0 (compatible; bingbot/2.0; +http://www.bing.com/bingbot.htm)" "redlug.com"
207.46.13.93 - - [03/Oct/2015:18:38:42 -0700] "GET /youth.htm HTTP/1.1" 200 6786 "-" "Mozilla/5.0 (compatible; bingbot/2.0; +http://www.bing.com/bingbot.htm)" "redlug.com"
207.46.13.93 - - [03/Oct/2015:18:38:43 -0700] "GET /voice.htm HTTP/1.1" 200 4419 "-" "Mozilla/5.0 (compatible; bingbot/2.0; +http://www.bing.com/bingbot.htm)" "redlug.com"
207.46.13.93 - - [03/Oct/2015:18:38:43 -0700] "GET /old_socialistview.htm HTTP/1.1" 200 3881 "-" "Mozilla/5.0 (compatible; bingbot/2.0; +http://www.bing.com/bingbot.htm)" "redlug.com"
207.46.13.93 - - [03/Oct/2015:18:38:43 -0700] "GET /join.htm HTTP/1.1" 404 88 "-" "Mozilla/5.0 (compatible; bingbot/2.0; +http://www.bing.com/bingbot.htm)" "redlug.com"
207.46.13.93 - - [03/Oct/2015:18:38:43 -0700] "GET /Fanon.htm HTTP/1.1" 404 88 "-" "Mozilla/5.0 (compatible; bingbot/2.0; +http://www.bing.com/bingbot.htm)" "redlug.com"
207.46.13.93 - - [03/Oct/2015:18:38:43 -0700] "GET / HTTP/1.1" 200 1271 "-" "Mozilla/5.0 (compatible; bingbot/2.0; +http://www.bing.com/bingbot.htm)" "redlug.com"
207.46.13.93 - - [03/Oct/2015:18:38:43 -0700] "GET /logs/access_150923.log HTTP/1.1" 200 297402 "-" "Mozilla/5.0 (compatible; bingbot/2.0; +http://www.bing.com/bingbot.htm)" "redlug.com"
207.46.13.93 - - [03/Oct/2015:18:38:45 -0700] "GET /paper2003/?C=D;O=D HTTP/1.1" 200 1185 "-" "Mozilla/5.0 (compatible; bingbot/2.0; +http://www.bing.com/bingbot.htm)" "redlug.com"
207.46.13.93 - - [03/Oct/2015:18:38:45 -0700] "GET /socview/14PrivatReview.htm HTTP/1.1" 200 3317 "-" "Mozilla/5.0 (compatible; bingbot/2.0; +http://www.bing.com/bingbot.htm)" "redlug.com"
207.46.13.93 - - [03/Oct/2015:18:38:45 -0700] "GET /socview/13-Che.htm HTTP/1.1" 200 5431 "-" "Mozilla/5.0 (compatible; bingbot/2.0; +http://www.bing.com/bingbot.htm)" "redlug.com"
207.46.13.93 - - [03/Oct/2015:18:38:46 -0700] "GET /socview/0403Mars.htm HTTP/1.1" 200 4587 "-" "Mozilla/5.0 (compatible; bingbot/2.0; +http://www.bing.com/bingbot.htm)" "redlug.com"
207.46.13.93 - - [03/Oct/2015:18:38:46 -0700] "GET /sitemap/sitemapG-H.htm HTTP/1.1" 200 13066 "-" "Mozilla/5.0 (compatible; bingbot/2.0; +http://www.bing.com/bingbot.htm)" "redlug.com"
207.46.13.93 - - [03/Oct/2015:18:38:46 -0700] "GET /paper2004JD/0407Nimrod.htm\" HTTP/1.1" 404 88 "-" "Mozilla/5.0 (compatible; bingbot/2.0; +http://www.bing.com/bingbot.htm)" "redlug.com"
