207.46.13.93 - - [03/Oct/2015:18:38:46 -0700] "GET /paperarticles/0302War.htm HTTP/1.1" 200 4851 "-" "Mozilla/5.0 (compatible; bingbot/2.0; +http://www.bing.com/bingbot.htm)" "redlug.com"
198.245.51.90 - - [03/Oct/2015:18:38:48 -0700] "GET /War/Dail0403.htm HTTP/1.1" 200 6018 "-" "Mozilla/5.0 (compatible; MJ12bot/v1.4.5; http://www.majestic12.co.uk/bot.php?+)" "www.redlug.com"
198.245.51.90 - - [03/Oct/2015:18:38:54 -0700] "GET /War/YaW/SPShannon.htm HTTP/1.1" 404 88 "-" "Mozilla/5.0 (compatible; MJ12bot/v1.4.5; http://www.majestic12.co.uk/bot.php?+)" "www.redlug.com"
78.137.36.167 - - [03/Oct/2015:18:39:03 -0700] "GET /+http://redlug.com/logs/access.log HTTP/1.1" 404 73 "http://germchat.freehosting.md/index-1-37.html" "Mozilla/5.0 (Windows NT 5.1; rv:17.0) Gecko/20100101 Firefox/17.0" "redlug.com"
78.137.36.167 - - [03/Oct/2015:18:39:03 -0700] "GET /+http://redlug.com/logs/access.log HTTP/1.1" 404 73 "http://germchat.freehosting.md/index-1-37.html" "Mozilla/5.0 (Windows NT 6.1; rv:15.0) Gecko/20100101 Firefox/15.0.1" "redlug.com"
78.137.36.167 - - [03/Oct/2015:18:39:03 -0700] "GET /redlug.com/logs/access.log HTTP/1.1" 404 73 "http://germchat.freehosting.md/index-1-37.html" "Mozilla/5.0 (Windows NT 6.1; rv:15.0) Gecko/20100101 Firefox/15.0.1" "redlug.com"
78.137.36.167 - - [03/Oct/2015:18:39:04 -0700] "GET /+http://redlug.com/logs/access.log HTTP/1.1" 404 73 "http://germchat.freehosting.md/index-1-37.html" "Opera/9.80 (Windows NT 6.1; U; YB/3.5.1; ru) Presto/2.6.30 Version/10.63" "redlug.com"
207.46.13.93 - - [03/Oct/2015:18:39:04 -0700] "GET /Leaflets/2003/BusDrivers23Oct03.pdf HTTP/1.1" 200 64998 "-" "Mozilla/5.0 (compatible; bingbot/2.0; +http://www.bing.com/bingbot.htm)" "redlug.com"
78.137.36.167 - - [03/Oct/2015:18:39:04 -0700] "GET /redlug.com/logs/access.log HTTP/1.1" 404 73 "http://germchat.freehosting.md/index-1-37.html" "Opera/9.80 (Windows NT 6.1; U; YB/3.5.1; ru) Presto/2.6.30 Version/10.63" "redlug.com"
207.46.13.93 - - [03/Oct/2015:18:39:04 -0700] "GET /Leaflets/2003/Bush7April03.pdf HTTP/1.1" 200 - "-" "Mozilla/5.0 (compatible; bingbot/2.0; +http://www.bing.com/bingbot.htm)" "redlug.com"
207.46.13.93 - - [03/Oct/2015:18:39:04 -0700] "GET /Leaflets/2003/?C=S;O=D HTTP/1.1" 200 571 "-" "Mozilla/5.0 (compatible; bingbot/2.0; +http://www.bing.com/bingbot.htm)" "redlug.com"
207.46.13.93 - - [03/Oct/2015:18:39:04 -0700] "GET /Leaflets/2005/ICTU2005.pdf HTTP/1.1" 200 10483 "-" "Mozilla/5.0 (compatible; bingbot/2.0; +http://www.bing.com/bingbot.htm)" "redlug.com"
78.137.36.167 - - [03/Oct/2015:18:39:05 -0700] "GET /+http://redlug.com/logs/access.log HTTP/1.1" 404 73 "http://germchat.freehosting.md/index-1-37.html" "Mozilla/5.0 (Windows NT 5.1) AppleWebKit/536.5 (KHTML, like Gecko) YaBrowser/1.1.1084.5409 Chrome/19.1.1084.5409 Safari/536.5" "redlug.com"
207.46.13.93 - - [03/Oct/2015:18:39:05 -0700] "GET /Leaflets/2003/?C=N;O=A HTTP/1.1" 200 567 "-" "Mozilla/5.0 (compatible; bingbot/2.0; +http://www.bing.com/bingbot.htm)" "redlug.com"
207.46.13.93 - - [03/Oct/2015:18:39:05 -0700] "GET /Leaflets/2002/Childcare19June2002.pdf HTTP/1.1" 200 35357 "-" "Mozilla/5.0 (compatible; bingbot/2.0; +http://www.bing.com/bingbot.htm)" "redlug.com"
207.46.13.93 - - [03/Oct/2015:18:39:05 -0700] "GET /Leaflets/2006/?C=N;O=D HTTP/1.1" 200 426 "-" "Mozilla/5.0 (compatible; bingbot/2.0; +http://www.bing.com/bingbot.htm)" "redlug.com"
78.137.36.167 - - [03/Oct/2015:18:39:05 -0700] "GET /redlug.com/logs/access.log HTTP/1.1" 404 73 "http://germchat.freehosting.md/index-1-37.html" "Mozilla/5.0 (Windows NT 5.1) AppleWebKit/536.5 (KHTML, like Gecko) YaBrowser/1.1.1084.5409 Chrome/19.1.1084.5409 Safari/536.5" "redlug.com"
207.46.13.93 - - [03/Oct/2015:18:39:05 -0700] "GET /Leaflets/2002/BloodySunday02Feb2002.pdf HTTP/1.1" 200 - "-" "Mozilla/5.0 (compatible; bingbot/2.0; +http://www.bing.com/bingbot.htm)" "redlug.com"
78.137.36.167 - - [03/Oct/2015:18:39:05 -0700] "GET /+http://redlug.com/logs/access.log HTTP/1.1" 404 89 "http://germchat.freehosting.md/index-1-37.html" "Mozilla/5.0 (Windows NT 5.1) AppleWebKit/536.11 (KHTML, like Gecko) Chrome/20.0.1132.57 Safari/536.11" "redlug.com"
207.46.13.93 - - [03/Oct/2015:18:39:05 -0700] "GET /Leaflets/2006/AUTstrike.pdf HTTP/1.1" 200 35361 "-" "Mozilla/5.0 (compatible; bingbot/2.0; +http://www.bing.com/bingbot.htm)" "redlug.com"
78.137.36.167 - - [03/Oct/2015:18:39:06 -0700] "GET /redlug.com/logs/access.log HTTP/1.1" 404 73 "http://germchat.freehosting.md/index-1-37.html" "Mozilla/5.0 (Windows NT 5.1) AppleWebKit/536.11 (KHTML, like Gecko) Chrome/20.0.1132.57 Safari/536.11" "redlug.com"
198.245.51.90 - - [03/Oct/2015:18:39:11 -0700] "GET /War/YaW/SY120403.htm HTTP/1.1" 404 88 "-" "Mozilla/5.0 (compatible; MJ12bot/v1.4.5; http://www.majestic12.co.uk/bot.php?+)" "www.redlug.com"
207.46.13.93 - - [03/Oct/2015:18:39:12 -0700] "GET /Leaflets/2002/ HTTP/1.1" 200 466 "-" "Mozilla/5.0 (compatible; bingbot/2.0; +http://www.bing.com/bingbot.htm)" "redlug.com"
207.46.13.93 - - [03/Oct/2015:18:39:12 -0700] "GET /Leaflets/2001/DemocracyTG21Aug2001.pdf HTTP/1.1" 200 42218 "-" "Mozilla/5.0 (compatible; bingbot/2.0; +http://www.bing.com/bingbot.htm)" "redlug.com"
207.46.13.93 - - [03/Oct/2015:18:39:12 -0700] "GET /Leaflets/2001/ClassroomVoice.pdf HTTP/1.1" 200 71795 "-" "Mozilla/5.0 (compatible; bingbot/2.0; +http://www.bing.com/bingbot.htm)" "redlug.com"
207.46.13.93 - - [03/Oct/2015:18:39:12 -0700] "GET /socview/SV0302Demo.htm HTTP/1.1" 200 6219 "-" "Mozilla/5.0 (compatible; bingbot/2.0; +http://www.bing.com/bingbot.htm)" "redlug.com"
207.46.13.93 - - [03/Oct/2015:18:39:12 -0700] "GET /socview/svspring01C.htm HTTP/1.1" 200 2790 "-" "Mozilla/5.0 (compatible; bingbot/2.0; +http://www.bing.com/bingbot.htm)" "redlug.com"
207.46.13.93 - - [03/Oct/2015:18:39:12 -0700] "GET /socview/svspring01I.htm HTTP/1.1" 200 2085 "-" "Mozilla/5.0 (compatible; bingbot/2.0; +http://www.bing.com/bingbot.htm)" "redlug.com"
207.46.13.93 - - [03/Oct/2015:18:39:13 -0700] "GET /temp/?C=D;O=A HTTP/1.1" 200 748 "-" "Mozilla/5.0 (compatible; bingbot/2.0; +http://www.bing.com/bingbot.htm)" "redlug.com"
207.46.13.93 - - [03/Oct/2015:18:39:13 -0700] "GET /temp/?C=S;O=D HTTP/1.1" 200 770 "-" "Mozilla/5.0 (compatible; bingbot/2.0; +http://www.bing.com/bingbot.htm)" "redlug.com"
207.46.13.93 - - [03/Oct/2015:18:39:13 -0700] "GET /temp/bins031010B.htm HTTP/1.1" 200 3876 "-" "Mozilla/5.0 (compatible; bingbot/2.0; +http://www.bing.com/bingbot.htm)" "redlug.com"
207.46.13.93 - - [03/Oct/2015:18:39:13 -0700] "GET /tu/?C=N;O=D HTTP/1.1" 200 575 "-" "Mozilla/5.0 (compatible; bingbot/2.0; +http://www.bing.com/bingbot.htm)" "redlug.com"
207.46.13.93 - - [03/Oct/2015:18:39:13 -0700] "GET /tu/?C=S;O=A HTTP/1.1" 200 585 "-" "Mozilla/5.0 (compatible; bingbot/2.0; +http://www.bing.com/bingbot.htm)" "redlug.com"
207.46.13.93 - - [03/Oct/2015:18:39:13 -0700] "GET /images/220303/?C=N;O=A HTTP/1.1" 200 407 "-" "Mozilla/5.0 (compatible; bingbot/2.0; +http://www.bing.com/bingbot.htm)" "redlug.com"
207.46.13.93 - - [03/Oct/2015:18:39:14 -0700] "GET /images/Archives/?C=S;O=D HTTP/1.1" 200 851 "-" "Mozilla/5.0 (compatible; bingbot/2.0; +http://www.bing.com/bingbot.htm)" "redlug.com"
207.46.13.93 - - [03/Oct/2015:18:39:14 -0700] "GET /images/Archives/scwstar.doc HTTP/1.1" 200 88576 "-" "Mozilla/5.0 (compatible; bingbot/2.0; +http://www.bing.com/bingbot.htm)" "redlug.com"
207.46.13.93 - - [03/Oct/2015:18:39:14 -0700] "GET /logs/?C=N;O=D HTTP/1.1" 200 5405 "-" "Mozilla/5.0 (compatible; bingbot/2.0; +http://www.bing.com/bingbot.htm)" "redlug.com"
207.46.13.93 - - [03/Oct/2015:18:39:15 -0700] "GET /logs/?C=S;O=D HTTP/1.1" 200 5724 "-" "Mozilla/5.0 (compatible; bingbot/2.0; +http://www.bing.com/bingbot.htm)" "redlug.com"
207.46.13.93 - - [03/Oct/2015:18:39:15 -0700] "GET /logs/?m=a HTTP/1.1" 200 5455 "-" "Mozilla/5.0 (compatible; bingbot/2.0; +http://www.bing.com/bingbot.htm)" "redlug.com"
207.46.13.93 - - [03/Oct/2015:18:39:16 -0700] "GET /logs/?n=d HTTP/1.1" 200 5455 "-" "Mozilla/5.0 (compatible; bingbot/2.0; +http://www.bing.com/bingbot.htm)" "redlug.com"
207.46.13.93 - - [03/Oct/2015:18:39:17 -0700] "GET /logs/access_150109.log HTTP/1.1" 200 39635 "-" "Mozilla/5.0 (compatible; bingbot/2.0; +http://www.bing.com/bingbot.htm)" "redlug.com"
198.245.51.90 - - [03/Oct/2015:18:39:18 -0700] "GET /War/YaW/Shameful.htm HTTP/1.1" 404 88 "-" "Mozilla/5.0 (compatible; MJ12bot/v1.4.5; http://www.majestic12.co.uk/bot.php?+)" "www.redlug.com"
207.46.13.93 - - [03/Oct/2015:18:39:18 -0700] "GET /logs/access_150111.log HTTP/1.1" 200 27250 "-" "Mozilla/5.0 (compatible; bingbot/2.0; +http://www.bing.com/bingbot.htm)" "redlug.com"
198.245.51.90 - - [03/Oct/2015:18:39:26 -0700] "GET /ansbacher.htm HTTP/1.1" 404 88 "-" "Mozilla/5.0 (compatible; MJ12bot/v1.4.5; http://www.majestic12.co.uk/bot.php?+)" "www.redlug.com"
198.245.51.90 - - [03/Oct/2015:18:39:32 -0700] "GET /ardoyne.html HTTP/1.1" 404 88 "-" "Mozilla/5.0 (compatible; MJ12bot/v1.4.5; http://www.majestic12.co.uk/bot.php?+)" "www.redlug.com"
217.156.34.119 - - [03/Oct/2015:18:39:34 -0700] "GET /logs/access.log HTTP/1.1" 200 5991 "http://redlug.com/" "Mozilla/5.0 (X11; Ubuntu; Linux i686; rv:34.0) Gecko/20100101 Firefox/34.0" "redlug.com"
198.245.51.90 - - [03/Oct/2015:18:39:41 -0700] "GET /cwi/VenCWI0406.htm HTTP/1.1" 200 31689 "-" "Mozilla/5.0 (compatible; MJ12bot/v1.4.5; http://www.majestic12.co.uk/bot.php?+)" "www.redlug.com"
212.92.232.129 - - [03/Oct/2015:18:39:44 -0700] "GET /logs/access_130930.log HTTP/1.1" 404 73 "https://www.ymlp.com/zk4c7S" "Mozilla/5.0 (Windows NT 5.1) AppleWebKit/535.19 (KHTML, like Gecko) Chrome/18.0.1025.1634 Safari/535.19 YE" "redlug.com"
212.92.232.129 - - [03/Oct/2015:18:39:45 -0700] "GET /logs/access_130930.log HTTP/1.1" 404 89 "https://www.ymlp.com/zk4c7S" "Opera/9.80 (Windows NT 6.1; WOW64; MRA 6.0 (build 6001)) Presto/2.12.388 Version/12.11" "redlug.com"
212.92.232.129 - - [03/Oct/2015:18:39:45 -0700] "GET /access_130930.log HTTP/1.1" 404 73 "https://www.ymlp.com/zk4c7S" "Opera/9.80 (Windows NT 6.1; WOW64; MRA 6.0 (build 6001)) Presto/2.12.388 Version/12.11" "redlug.com"
212.92.232.129 - - [03/Oct/2015:18:39:46 -0700] "GET /logs/access_130930.log HTTP/1.1" 404 73 "https://www.ymlp.com/zk4c7S" "Opera/9.80 (Windows NT 6.1; U; ru) Presto/2.10.229 Version/11.61" "redlug.com"
212.92.232.129 - - [03/Oct/2015:18:39:47 -0700] "GET /access_130930.log HTTP/1.1" 404 73 "https://www.ymlp.com/zk4c7S" "Opera/9.80 (Windows NT 6.1; U; ru) Presto/2.10.229 Version/11.61" "redlug.com"
212.92.232.129 - - [03/Oct/2015:18:39:48 -0700] "GET /logs/access_130930.log HTTP/1.1" 404 73 "https://www.ymlp.com/zk4c7S" "Mozilla/5.0 (Windows NT 6.1) AppleWebKit/537.11 (KHTML, like Gecko) Chrome/23.0.1271.64 Safari/537.11" "redlug.com"
212.92.232.129 - - [03/Oct/2015:18:39:49 -0700] "GET /access_130930.log HTTP/1.1" 404 73 "https://www.ymlp.com/zk4c7S" "Mozilla/5.0 (Windows NT 6.1) AppleWebKit/537.11 (KHTML, like Gecko) Chrome/23.0.1271.64 Safari/537.11" "redlug.com"
198.245.51.90 - - [03/Oct/2015:18:39:49 -0700] "GET /index.html%20target%20%E2%80%9C_blank HTTP/1.1" 404 88 "-" "Mozilla/5.0 (compatible; MJ12bot/v1.4.5; http://www.majestic12.co.uk/bot.php?+)" "www.redlug.com"
198.245.51.90 - - [03/Oct/2015:18:39:57 -0700] "GET /low-pay.html HTTP/1.1" 404 88 "-" "Mozilla/5.0 (compatible; MJ12bot/v1.4.5; http://www.majestic12.co.uk/bot.php?+)" "www.redlug.com"
31.184.238.128 - - [03/Oct/2015:18:40:00 -0700] "GET /logs/access.log HTTP/1.1" 200 61208 "http://acyclovir-order-cheap.soup.io" "Mozilla/5.0 (Windows NT 6.1; WOW64; rv:26.0) Gecko/20100101 Firefox/26.0" "redlug.com"
198.245.51.90 - - [03/Oct/2015:18:40:06 -0700] "GET /manifesto.htm HTTP/1.1" 404 88 "-" "Mozilla/5.0 (compatible; MJ12bot/v1.4.5; http://www.majestic12.co.uk/bot.php?+)" "www.redlug.com"
198.245.51.90 - - [03/Oct/2015:18:40:15 -0700] "GET /paper2004/0403AUT.htm HTTP/1.1" 200 1150 "-" "Mozilla/5.0 (compatible; MJ12bot/v1.4.5; http://www.majestic12.co.uk/bot.php?+)" "www.redlug.com"
198.245.51.90 - - [03/Oct/2015:18:40:29 -0700] "GET /paper2004/0403App.htm HTTP/1.1" 200 1930 "-" "Mozilla/5.0 (compatible; MJ12bot/v1.4.5; http://www.majestic12.co.uk/bot.php?+)" "www.redlug.com"
198.245.51.90 - - [03/Oct/2015:18:40:34 -0700] "GET /paper2004/0403Bins.htm HTTP/1.1" 200 1448 "-" "Mozilla/5.0 (compatible; MJ12bot/v1.4.5; http://www.majestic12.co.uk/bot.php?+)" "www.redlug.com"
91.116.246.72 - - [03/Oct/2015:18:40:35 -0700] "GET /logs/access.log HTTP/1.1" 200 62204 "-" "Mozilla/5.0 (X11; Linux x86_64; rv:2.0b8pre) Gecko/20101011 Firefox/4.0b8pre" "redlug.com"
198.245.51.90 - - [03/Oct/2015:18:40:39 -0700] "GET /paper2004/0403Bus.htm HTTP/1.1" 200 1644 "-" "Mozilla/5.0 (compatible; MJ12bot/v1.4.5; http://www.majestic12.co.uk/bot.php?+)" "www.redlug.com"
198.245.51.90 - - [03/Oct/2015:18:40:46 -0700] "GET /paper2004/0403Cork.htm HTTP/1.1" 200 1627 "-" "Mozilla/5.0 (compatible; MJ12bot/v1.4.5; http://www.majestic12.co.uk/bot.php?+)" "www.redlug.com"
198.245.51.90 - - [03/Oct/2015:18:41:05 -0700] "GET /paper2004/0403Corruption.htm HTTP/1.1" 200 2369 "-" "Mozilla/5.0 (compatible; MJ12bot/v1.4.5; http://www.majestic12.co.uk/bot.php?+)" "www.redlug.com"
198.245.51.90 - - [03/Oct/2015:18:41:19 -0700] "GET /paper2004/0403Cser.htm HTTP/1.1" 404 73 "-" "Mozilla/5.0 (compatible; MJ12bot/v1.4.5; http://www.majestic12.co.uk/bot.php?+)" "www.redlug.com"
198.245.51.90 - - [03/Oct/2015:18:41:20 -0700] "GET /paper2004/0403Exclusive.htm HTTP/1.1" 200 1776 "-" "Mozilla/5.0 (compatible; MJ12bot/v1.4.5; http://www.majestic12.co.uk/bot.php?+)" "www.redlug.com"
198.245.51.90 - - [03/Oct/2015:18:41:29 -0700] "GET /paper2004/0403Housing.htm HTTP/1.1" 200 2381 "-" "Mozilla/5.0 (compatible; MJ12bot/v1.4.5; http://www.majestic12.co.uk/bot.php?+)" "www.redlug.com"
198.245.51.90 - - [03/Oct/2015:18:41:39 -0700] "GET /paper2004/0403Iraq.htm HTTP/1.1" 200 3121 "-" "Mozilla/5.0 (compatible; MJ12bot/v1.4.5; http://www.majestic12.co.uk/bot.php?+)" "www.redlug.com"
198.245.51.90 - - [03/Oct/2015:18:41:55 -0700] "GET /paper2004/0403JHCol.htm HTTP/1.1" 200 2431 "-" "Mozilla/5.0 (compatible; MJ12bot/v1.4.5; http://www.majestic12.co.uk/bot.php?+)" "www.redlug.com"
198.245.51.90 - - [03/Oct/2015:18:42:09 -0700] "GET /paper2004/0403News.htm HTTP/1.1" 200 1612 "-" "Mozilla/5.0 (compatible; MJ12bot/v1.4.5; http://www.majestic12.co.uk/bot.php?+)" "www.redlug.com"
198.245.51.90 - - [03/Oct/2015:18:42:12 -0700] "GET /paper2004/0403NipsaLeft.htm HTTP/1.1" 200 1364 "-" "Mozilla/5.0 (compatible; MJ12bot/v1.4.5; http://www.majestic12.co.uk/bot.php?+)" "www.redlug.com"
198.245.51.90 - - [03/Oct/2015:18:42:17 -0700] "GET /paper2004/0403Post.htm HTTP/1.1" 200 2061 "-" "Mozilla/5.0 (compatible; MJ12bot/v1.4.5; http://www.majestic12.co.uk/bot.php?+)" "www.redlug.com"
198.245.51.90 - - [03/Oct/2015:18:42:35 -0700] "GET /paper2004/0403Priv.htm HTTP/1.1" 200 3008 "-" "Mozilla/5.0 (compatible; MJ12bot/v1.4.5; http://www.majestic12.co.uk/bot.php?+)" "www.redlug.com"
89.149.73.190 - - [03/Oct/2015:18:42:35 -0700] "GET /logs/access.log HTTP/1.1" 200 5900 "http://redlug.com/" "Mozilla/5.0 (X11; Linux x86_64) AppleWebKit/537.36 (KHTML, like Gecko) Chrome/39.0.2171.99 Safari/537.36" "redlug.com"
198.245.51.90 - - [03/Oct/2015:18:42:58 -0700] "GET /paper2004/0403Racism.htm HTTP/1.1" 200 2019 "-" "Mozilla/5.0 (compatible; MJ12bot/v1.4.5; http://www.majestic12.co.uk/bot.php?+)" "www.redlug.com"
198.245.51.90 - - [03/Oct/2015:18:43:05 -0700] "GET /paper2004/0403SCDBins.htm HTTP/1.1" 200 2201 "-" "Mozilla/5.0 (compatible; MJ12bot/v1.4.5; http://www.majestic12.co.uk/bot.php?+)" "www.redlug.com"
14.164.157.40 - - [03/Oct/2015:18:43:09 -0700] "POST /123321.php HTTP/1.1" 404 73 "-" "gSOAP/2.7" "redlug.com"
198.245.51.90 - - [03/Oct/2015:18:43:12 -0700] "GET /paperarticles/0301-1972.htm HTTP/1.1" 200 2893 "-" "Mozilla/5.0 (compatible; MJ12bot/v1.4.5; http://www.majestic12.co.uk/bot.php?+)" "www.redlug.com"
198.245.51.90 - - [03/Oct/2015:18:43:18 -0700] "GET /paperarticles/0301-International.htm HTTP/1.1" 200 8692 "-" "Mozilla/5.0 (compatible; MJ12bot/v1.4.5; http://www.majestic12.co.uk/bot.php?+)" "www.redlug.com"
198.245.51.90 - - [03/Oct/2015:18:43:40 -0700] "GET /paperarticles/0301-IraqWar.htm HTTP/1.1" 200 7055 "-" "Mozilla/5.0 (compatible; MJ12bot/v1.4.5; http://www.majestic12.co.uk/bot.php?+)" "www.redlug.com"
198.245.51.90 - - [03/Oct/2015:18:43:48 -0700] "GET /paperarticles/0301-Youth.htm HTTP/1.1" 200 4780 "-" "Mozilla/5.0 (compatible; MJ12bot/v1.4.5; http://www.majestic12.co.uk/bot.php?+)" "www.redlug.com"
198.245.51.90 - - [03/Oct/2015:18:43:54 -0700] "GET /paperarticles/0302Joe.htm HTTP/1.1" 200 2525 "-" "Mozilla/5.0 (compatible; MJ12bot/v1.4.5; http://www.majestic12.co.uk/bot.php?+)" "www.redlug.com"
198.245.51.90 - - [03/Oct/2015:18:44:07 -0700] "GET /paperarticles/0302Pay.htm HTTP/1.1" 200 3034 "-" "Mozilla/5.0 (compatible; MJ12bot/v1.4.5; http://www.majestic12.co.uk/bot.php?+)" "www.redlug.com"
198.245.51.90 - - [03/Oct/2015:18:44:15 -0700] "GET /paperarticles/0307HW.htm HTTP/1.1" 404 88 "-" "Mozilla/5.0 (compatible; MJ12bot/v1.4.5; http://www.majestic12.co.uk/bot.php?+)" "www.redlug.com"
198.245.51.90 - - [03/Oct/2015:18:44:22 -0700] "GET /paperarticles/Nov02-JHonLabour.htm HTTP/1.1" 200 2327 "-" "Mozilla/5.0 (compatible; MJ12bot/v1.4.5; http://www.majestic12.co.uk/bot.php?+)" "www.redlug.com"
198.245.51.90 - - [03/Oct/2015:18:44:33 -0700] "GET /paperarticles/Oct02Alternative.htm HTTP/1.1" 200 1943 "-" "Mozilla/5.0 (compatible; MJ12bot/v1.4.5; http://www.majestic12.co.uk/bot.php?+)" "www.redlug.com"
198.245.51.90 - - [03/Oct/2015:18:44:41 -0700] "GET /paperarticles/Oct02HW.htm HTTP/1.1" 200 1431 "-" "Mozilla/5.0 (compatible; MJ12bot/v1.4.5; http://www.majestic12.co.uk/bot.php?+)" "www.redlug.com"
207.46.13.93 - - [03/Oct/2015:18:44:42 -0700] "GET /logs/access_150127.log HTTP/1.1" 200 233346 "-" "Mozilla/5.0 (compatible; bingbot/2.0; +http://www.bing.com/bingbot.htm)" "redlug.com"
207.46.13.93 - - [03/Oct/2015:18:44:43 -0700] "GET /Socialist/07/Contents26.htm HTTP/1.1" 404 88 "-" "Mozilla/5.0 (compatible; bingbot/2.0; +http://www.bing.com/bingbot.htm)" "redlug.com"
198.245.51.90 - - [03/Oct/2015:18:44:47 -0700] "GET /sitemap/%E2%80%9Chttp://www.geocities.com/socialistparty/Socialist/0502Airport.htm%22 HTTP/1.1" 404 88 "-" "Mozilla/5.0 (compatible; MJ12bot/v1.4.5; http://www.majestic12.co.uk/bot.php?+)" "www.redlug.com"
157.55.39.112 - - [03/Oct/2015:18:44:47 -0700] "GET /War/?C=N;O=D HTTP/1.1" 200 732 "-" "Mozilla/5.0 (compatible; bingbot/2.0; +http://www.bing.com/bingbot.htm)" "redlug.com"
157.55.39.112 - - [03/Oct/2015:18:44:47 -0700] "GET /War/Dail0403.htm HTTP/1.1" 200 6017 "-" "Mozilla/5.0 (compatible; bingbot/2.0; +http://www.bing.com/bingbot.htm)" "redlug.com"
157.55.39.112 - - [03/Oct/2015:18:44:47 -0700] "GET /logs/access_150608.log HTTP/1.1" 200 28761 "-" "Mozilla/5.0 (compatible; bingbot/2.0; +http://www.bing.com/bingbot.htm)" "redlug.com"
157.55.39.112 - - [03/Oct/2015:18:44:48 -0700] "GET /logs/access_150629.log HTTP/1.1" 200 24696 "-" "Mozilla/5.0 (compatible; bingbot/2.0; +http://www.bing.com/bingbot.htm)" "redlug.com"
157.55.39.112 - - [03/Oct/2015:18:44:48 -0700] "GET /War/SP120403.htm HTTP/1.1" 200 3408 "-" "Mozilla/5.0 (compatible; bingbot/2.0; +http://www.bing.com/bingbot.htm)" "redlug.com"
157.55.39.112 - - [03/Oct/2015:18:44:50 -0700] "GET /logs/access_150718.log HTTP/1.1" 200 1389534 "-" "Mozilla/5.0 (compatible; bingbot/2.0; +http://www.bing.com/bingbot.htm)" "redlug.com"
198.245.51.90 - - [03/Oct/2015:18:44:51 -0700] "GET /sitemap/%E2%80%9Chttp://www.geocities.com/socialistparty/Socialist/0502Pensions.htm%22 HTTP/1.1" 404 89 "-" "Mozilla/5.0 (compatible; MJ12bot/v1.4.5; http://www.majestic12.co.uk/bot.php?+)" "www.redlug.com"
157.55.39.112 - - [03/Oct/2015:18:44:50 -0700] "GET /logs/access_150722.log HTTP/1.1" 200 1141546 "-" "Mozilla/5.0 (compatible; bingbot/2.0; +http://www.bing.com/bingbot.htm)" "redlug.com"
157.55.39.112 - - [03/Oct/2015:18:44:51 -0700] "GET /War/YaW/NewryD2503.htm HTTP/1.1" 404 88 "-" "Mozilla/5.0 (compatible; bingbot/2.0; +http://www.bing.com/bingbot.htm)" "redlug.com"
157.55.39.112 - - [03/Oct/2015:18:44:51 -0700] "GET /War/YaW/SY120403.htm HTTP/1.1" 404 88 "-" "Mozilla/5.0 (compatible; bingbot/2.0; +http://www.bing.com/bingbot.htm)" "redlug.com"
157.55.39.112 - - [03/Oct/2015:18:44:54 -0700] "GET /cwi/ HTTP/1.1" 200 1671 "-" "Mozilla/5.0 (compatible; bingbot/2.0; +http://www.bing.com/bingbot.htm)" "redlug.com"
157.55.39.112 - - [03/Oct/2015:18:44:54 -0700] "GET /cwi/?C=M;O=D HTTP/1.1" 200 1697 "-" "Mozilla/5.0 (compatible; bingbot/2.0; +http://www.bing.com/bingbot.htm)" "redlug.com"
157.55.39.112 - - [03/Oct/2015:18:44:54 -0700] "GET /cwi/?C=N;O=A HTTP/1.1" 200 1671 "-" "Mozilla/5.0 (compatible; bingbot/2.0; +http://www.bing.com/bingbot.htm)" "redlug.com"
157.55.39.112 - - [03/Oct/2015:18:44:55 -0700] "GET /cwi/?C=S;O=D HTTP/1.1" 200 1672 "-" "Mozilla/5.0 (compatible; bingbot/2.0; +http://www.bing.com/bingbot.htm)" "redlug.com"
157.55.39.112 - - [03/Oct/2015:18:44:55 -0700] "GET /cwi/CWI30.htm HTTP/1.1" 200 5192 "-" "Mozilla/5.0 (compatible; bingbot/2.0; +http://www.bing.com/bingbot.htm)" "redlug.com"
157.55.39.112 - - [03/Oct/2015:18:44:55 -0700] "GET /cwi/CWINOssetia2.htm HTTP/1.1" 200 5265 "-" "Mozilla/5.0 (compatible; bingbot/2.0; +http://www.bing.com/bingbot.htm)" "redlug.com"
157.55.39.112 - - [03/Oct/2015:18:44:55 -0700] "GET /cwi/ChinaNQ3.htm HTTP/1.1" 200 7323 "-" "Mozilla/5.0 (compatible; bingbot/2.0; +http://www.bing.com/bingbot.htm)" "redlug.com"
157.55.39.112 - - [03/Oct/2015:18:44:55 -0700] "GET /logs/access_150724.log HTTP/1.1" 200 1052490 "-" "Mozilla/5.0 (compatible; bingbot/2.0; +http://www.bing.com/bingbot.htm)" "redlug.com"
157.55.39.112 - - [03/Oct/2015:18:44:56 -0700] "GET /cwi/NewParty3.htm HTTP/1.1" 200 4405 "-" "Mozilla/5.0 (compatible; bingbot/2.0; +http://www.bing.com/bingbot.htm)" "redlug.com"
157.55.39.112 - - [03/Oct/2015:18:44:56 -0700] "GET /cwi/PerRev100.htm HTTP/1.1" 200 7187 "-" "Mozilla/5.0 (compatible; bingbot/2.0; +http://www.bing.com/bingbot.htm)" "redlug.com"
157.55.39.112 - - [03/Oct/2015:18:44:56 -0700] "GET /images/ HTTP/1.1" 200 1939 "-" "Mozilla/5.0 (compatible; bingbot/2.0; +http://www.bing.com/bingbot.htm)" "redlug.com"
157.55.39.112 - - [03/Oct/2015:18:44:57 -0700] "GET /images/150203/?C=D;O=A HTTP/1.1" 200 488 "-" "Mozilla/5.0 (compatible; bingbot/2.0; +http://www.bing.com/bingbot.htm)" "redlug.com"
157.55.39.112 - - [03/Oct/2015:18:44:57 -0700] "GET /images/2004/?C=S;O=A HTTP/1.1" 200 1122 "-" "Mozilla/5.0 (compatible; bingbot/2.0; +http://www.bing.com/bingbot.htm)" "redlug.com"
157.55.39.112 - - [03/Oct/2015:18:44:57 -0700] "GET /images/2006/?C=M;O=D HTTP/1.1" 200 601 "-" "Mozilla/5.0 (compatible; bingbot/2.0; +http://www.bing.com/bingbot.htm)" "redlug.com"
157.55.39.112 - - [03/Oct/2015:18:44:57 -0700] "GET /logs/access_150807.log HTTP/1.1" 200 710923 "-" "Mozilla/5.0 (compatible; bingbot/2.0; +http://www.bing.com/bingbot.htm)" "redlug.com"
157.55.39.112 - - [03/Oct/2015:18:44:59 -0700] "GET /logs/access_150812.log HTTP/1.1" 200 306493 "-" "Mozilla/5.0 (compatible; bingbot/2.0; +http://www.bing.com/bingbot.htm)" "redlug.com"
157.55.39.112 - - [03/Oct/2015:18:44:59 -0700] "GET /images/2007/?C=M;O=A HTTP/1.1" 200 573 "-" "Mozilla/5.0 (compatible; bingbot/2.0; +http://www.bing.com/bingbot.htm)" "redlug.com"
157.55.39.112 - - [03/Oct/2015:18:45:00 -0700] "GET /images/2007/?C=N;O=A HTTP/1.1" 200 566 "-" "Mozilla/5.0 (compatible; bingbot/2.0; +http://www.bing.com/bingbot.htm)" "redlug.com"
157.55.39.112 - - [03/Oct/2015:18:45:00 -0700] "GET /Publications/BinsDoc.htm HTTP/1.1" 200 543 "-" "Mozilla/5.0 (compatible; bingbot/2.0; +http://www.bing.com/bingbot.htm)" "redlug.com"
157.55.39.112 - - [03/Oct/2015:18:45:00 -0700] "GET /logs/access_150817.log HTTP/1.1" 200 48685 "-" "Mozilla/5.0 (compatible; bingbot/2.0; +http://www.bing.com/bingbot.htm)" "redlug.com"
157.55.39.112 - - [03/Oct/2015:18:45:00 -0700] "GET /logs/access_150825.log HTTP/1.1" 200 761158 "-" "Mozilla/5.0 (compatible; bingbot/2.0; +http://www.bing.com/bingbot.htm)" "redlug.com"
198.245.51.90 - - [03/Oct/2015:18:45:02 -0700] "GET /sitemap/%E2%80%9D. HTTP/1.1" 404 73 "-" "Mozilla/5.0 (compatible; MJ12bot/v1.4.5; http://www.majestic12.co.uk/bot.php?+)" "www.redlug.com"
198.245.51.90 - - [03/Oct/2015:18:45:07 -0700] "GET /sitemap/%E2%80%9Dhttp://www.socialistparty.net/pub/pages/socialist005apr05/11.htm%22 HTTP/1.1" 404 88 "-" "Mozilla/5.0 (compatible; MJ12bot/v1.4.5; http://www.majestic12.co.uk/bot.php?+)" "www.redlug.com"
192.187.100.154 - - [03/Oct/2015:18:45:15 -0700] "GET /logs/access_140901.log HTTP/1.1" 200 47452 "http://redlug.com/" "Mozilla/5.0 (X11; Linux x86_64) AppleWebKit/537.36 (KHTML, like Gecko) Chrome/39.0.2171.99 Safari/537.36" "redlug.com"
198.245.51.90 - - [03/Oct/2015:18:45:19 -0700] "GET /socview/SV0302LAm.htm HTTP/1.1" 200 8990 "-" "Mozilla/5.0 (compatible; MJ12bot/v1.4.5; http://www.majestic12.co.uk/bot.php?+)" "www.redlug.com"
207.46.13.93 - - [03/Oct/2015:18:45:23 -0700] "GET /Socialist/?C=S;O=D HTTP/1.1" 200 2963 "-" "Mozilla/5.0 (compatible; bingbot/2.0; +http://www.bing.com/bingbot.htm)" "redlug.com"
207.46.13.93 - - [03/Oct/2015:18:45:24 -0700] "GET /Socialist/Covers/?C=N;O=A HTTP/1.1" 200 401 "-" "Mozilla/5.0 (compatible; bingbot/2.0; +http://www.bing.com/bingbot.htm)" "redlug.com"
207.46.13.93 - - [03/Oct/2015:18:45:24 -0700] "GET /Socialist/Covers/?C=S;O=D HTTP/1.1" 200 395 "-" "Mozilla/5.0 (compatible; bingbot/2.0; +http://www.bing.com/bingbot.htm)" "redlug.com"
207.46.13.93 - - [03/Oct/2015:18:45:24 -0700] "GET /Socialist/Covers/?S=A HTTP/1.1" 200 401 "-" "Mozilla/5.0 (compatible; bingbot/2.0; +http://www.bing.com/bingbot.htm)" "redlug.com"
198.245.51.90 - - [03/Oct/2015:18:45:31 -0700] "GET /socview/Vietnam0303.htm HTTP/1.1" 200 4108 "-" "Mozilla/5.0 (compatible; MJ12bot/v1.4.5; http://www.majestic12.co.uk/bot.php?+)" "www.redlug.com"
198.245.51.90 - - [03/Oct/2015:18:45:40 -0700] "GET /stand.htm HTTP/1.1" 200 9411 "-" "Mozilla/5.0 (compatible; MJ12bot/v1.4.5; http://www.majestic12.co.uk/bot.php?+)" "www.redlug.com"
198.245.51.90 - - [03/Oct/2015:18:45:55 -0700] "GET /%E2%80%9Chttp://www.geocities.com/socialistparty/Socialist/0502Airport.htm%22 HTTP/1.1" 404 88 "-" "Mozilla/5.0 (compatible; MJ12bot/v1.4.5; http://www.majestic12.co.uk/bot.php?+)" "www.redlug.com"
198.245.51.90 - - [03/Oct/2015:18:46:03 -0700] "GET /%E2%80%9Chttp://www.geocities.com/socialistparty/Socialist/0502Nipsa.htm%22 HTTP/1.1" 404 88 "-" "Mozilla/5.0 (compatible; MJ12bot/v1.4.5; http://www.majestic12.co.uk/bot.php?+)" "www.redlug.com"
198.245.51.90 - - [03/Oct/2015:18:46:06 -0700] "GET /%E2%80%9Chttp://www.geocities.com/socialistparty/Socialist/0502TUS.htm%22 HTTP/1.1" 404 88 "-" "Mozilla/5.0 (compatible; MJ12bot/v1.4.5; http://www.majestic12.co.uk/bot.php?+)" "www.redlug.com"
157.55.39.112 - - [03/Oct/2015:18:46:22 -0700] "GET /logs/access_150826.log HTTP/1.1" 200 1173930 "-" "Mozilla/5.0 (compatible; bingbot/2.0; +http://www.bing.com/bingbot.htm)" "redlug.com"
157.55.39.112 - - [03/Oct/2015:18:46:24 -0700] "GET /logs/access_150830.log HTTP/1.1" 200 702442 "-" "Mozilla/5.0 (compatible; bingbot/2.0; +http://www.bing.com/bingbot.htm)" "redlug.com"
198.245.51.90 - - [03/Oct/2015:18:46:24 -0700] "GET /%E2%80%9D/documents.htm HTTP/1.1" 404 88 "-" "Mozilla/5.0 (compatible; MJ12bot/v1.4.5; http://www.majestic12.co.uk/bot.php?+)" "www.redlug.com"
157.55.39.112 - - [03/Oct/2015:18:46:25 -0700] "GET /logs/access_150901.log HTTP/1.1" 200 71604 "-" "Mozilla/5.0 (compatible; bingbot/2.0; +http://www.bing.com/bingbot.htm)" "redlug.com"
157.55.39.112 - - [03/Oct/2015:18:46:25 -0700] "GET /logs/access_150905.log HTTP/1.1" 200 1020106 "-" "Mozilla/5.0 (compatible; bingbot/2.0; +http://www.bing.com/bingbot.htm)" "redlug.com"
157.55.39.112 - - [03/Oct/2015:18:46:26 -0700] "GET /logs/access_150910.log HTTP/1.1" 200 1426142 "-" "Mozilla/5.0 (compatible; bingbot/2.0; +http://www.bing.com/bingbot.htm)" "redlug.com"
157.55.39.112 - - [03/Oct/2015:18:46:27 -0700] "GET /Leaflets/2001/?C=M;O=D HTTP/1.1" 200 449 "-" "Mozilla/5.0 (compatible; bingbot/2.0; +http://www.bing.com/bingbot.htm)" "redlug.com"
157.55.39.112 - - [03/Oct/2015:18:46:27 -0700] "GET /logs/access_150918.log HTTP/1.1" 200 3098909 "-" "Mozilla/5.0 (compatible; bingbot/2.0; +http://www.bing.com/bingbot.htm)" "redlug.com"
157.55.39.112 - - [03/Oct/2015:18:46:28 -0700] "GET /Election07/Rates0219.htm HTTP/1.1" 200 1293 "-" "Mozilla/5.0 (compatible; bingbot/2.0; +http://www.bing.com/bingbot.htm)" "redlug.com"
157.55.39.112 - - [03/Oct/2015:18:46:28 -0700] "GET /Election/Election/BlackAppeal.htm HTTP/1.1" 404 88 "-" "Mozilla/5.0 (compatible; bingbot/2.0; +http://www.bing.com/bingbot.htm)" "redlug.com"
157.55.39.112 - - [03/Oct/2015:18:46:29 -0700] "GET /Archive/Contentslist.htm HTTP/1.1" 200 9972 "-" "Mozilla/5.0 (compatible; bingbot/2.0; +http://www.bing.com/bingbot.htm)" "redlug.com"
157.55.39.112 - - [03/Oct/2015:18:46:29 -0700] "GET /splogo2.jpg HTTP/1.1" 200 152 "-" "Mozilla/5.0 (compatible; bingbot/2.0; +http://www.bing.com/bingbot.htm)" "redlug.com"
157.55.39.112 - - [03/Oct/2015:18:46:29 -0700] "GET /socialistview.htm HTTP/1.1" 200 4650 "-" "Mozilla/5.0 (compatible; bingbot/2.0; +http://www.bing.com/bingbot.htm)" "redlug.com"
157.55.39.112 - - [03/Oct/2015:18:46:29 -0700] "GET /genoa.html HTTP/1.1" 404 88 "-" "Mozilla/5.0 (compatible; bingbot/2.0; +http://www.bing.com/bingbot.htm)" "redlug.com"
157.55.39.112 - - [03/Oct/2015:18:46:29 -0700] "GET /documents.htm HTTP/1.1" 404 88 "-" "Mozilla/5.0 (compatible; bingbot/2.0; +http://www.bing.com/bingbot.htm)" "redlug.com"
157.55.39.112 - - [03/Oct/2015:18:46:29 -0700] "GET /Struggle.htm HTTP/1.1" 200 14008 "-" "Mozilla/5.0 (compatible; bingbot/2.0; +http://www.bing.com/bingbot.htm)" "redlug.com"
157.55.39.112 - - [03/Oct/2015:18:46:30 -0700] "GET /SPLogo_third.jpg HTTP/1.1" 200 2817 "-" "Mozilla/5.0 (compatible; bingbot/2.0; +http://www.bing.com/bingbot.htm)" "redlug.com"
157.55.39.112 - - [03/Oct/2015:18:46:30 -0700] "GET /paper2003/0307Strangford HTTP/1.1" 200 1537 "-" "Mozilla/5.0 (compatible; bingbot/2.0; +http://www.bing.com/bingbot.htm)" "redlug.com"
157.55.39.112 - - [03/Oct/2015:18:46:30 -0700] "GET /paper2003/0307Water HTTP/1.1" 200 3069 "-" "Mozilla/5.0 (compatible; bingbot/2.0; +http://www.bing.com/bingbot.htm)" "redlug.com"
157.55.39.112 - - [03/Oct/2015:18:46:30 -0700] "GET /paper2003/0311election1.htm HTTP/1.1" 200 3750 "-" "Mozilla/5.0 (compatible; bingbot/2.0; +http://www.bing.com/bingbot.htm)" "redlug.com"
157.55.39.112 - - [03/Oct/2015:18:46:30 -0700] "GET /Socialist/0411Iraq.htm HTTP/1.1" 200 2952 "-" "Mozilla/5.0 (compatible; bingbot/2.0; +http://www.bing.com/bingbot.htm)" "redlug.com"
157.55.39.112 - - [03/Oct/2015:18:46:30 -0700] "GET /socview/14Gama.htm HTTP/1.1" 200 4845 "-" "Mozilla/5.0 (compatible; bingbot/2.0; +http://www.bing.com/bingbot.htm)" "redlug.com"
157.55.39.112 - - [03/Oct/2015:18:46:30 -0700] "GET /paper2003/?C=S;O=D HTTP/1.1" 200 1208 "-" "Mozilla/5.0 (compatible; bingbot/2.0; +http://www.bing.com/bingbot.htm)" "redlug.com"
157.55.39.112 - - [03/Oct/2015:18:46:31 -0700] "GET /paper2004/?C=D;O=A HTTP/1.1" 200 1857 "-" "Mozilla/5.0 (compatible; bingbot/2.0; +http://www.bing.com/bingbot.htm)" "redlug.com"
157.55.39.112 - - [03/Oct/2015:18:46:31 -0700] "GET /sitemap/sitemapM-O.htm HTTP/1.1" 200 15087 "-" "Mozilla/5.0 (compatible; bingbot/2.0; +http://www.bing.com/bingbot.htm)" "redlug.com"
157.55.39.112 - - [03/Oct/2015:18:46:31 -0700] "GET /sitemap/0407ElectionResults.htm\" HTTP/1.1" 404 88 "-" "Mozilla/5.0 (compatible; bingbot/2.0; +http://www.bing.com/bingbot.htm)" "redlug.com"
78.137.36.167 - - [03/Oct/2015:18:46:38 -0700] "GET /+http://redlug.com/logs/access.log HTTP/1.1" 404 73 "http://germchat.freehosting.md/vebkameri-sankt-peterburga.html" "Mozilla/5.0 (Windows NT 6.1; WOW64; rv:17.0) Gecko/20100101 Firefox/17.0" "redlug.com"
78.137.36.167 - - [03/Oct/2015:18:46:38 -0700] "GET /redlug.com/logs/access.log HTTP/1.1" 404 73 "http://germchat.freehosting.md/vebkameri-sankt-peterburga.html" "Mozilla/5.0 (Windows NT 6.1; WOW64; rv:17.0) Gecko/20100101 Firefox/17.0" "redlug.com"
78.137.36.167 - - [03/Oct/2015:18:46:39 -0700] "GET /+http://redlug.com/logs/access.log HTTP/1.1" 404 73 "http://germchat.freehosting.md/vebkameri-sankt-peterburga.html" "Mozilla/5.0 (Windows NT 5.1) AppleWebKit/537.11 (KHTML, like Gecko) Chrome/23.0.1271.91 Safari/537.11" "redlug.com"
78.137.36.167 - - [03/Oct/2015:18:46:39 -0700] "GET /redlug.com/logs/access.log HTTP/1.1" 404 73 "http://germchat.freehosting.md/vebkameri-sankt-peterburga.html" "Mozilla/5.0 (Windows NT 5.1) AppleWebKit/537.11 (KHTML, like Gecko) Chrome/23.0.1271.91 Safari/537.11" "redlug.com"
78.137.36.167 - - [03/Oct/2015:18:46:39 -0700] "GET /+http://redlug.com/logs/access.log HTTP/1.1" 404 73 "http://germchat.freehosting.md/vebkameri-sankt-peterburga.html" "Mozilla/5.0 (Windows NT 5.1; rv:8.0) Gecko/20100101 Firefox/8.0" "redlug.com"
78.137.36.167 - - [03/Oct/2015:18:46:40 -0700] "GET /redlug.com/logs/access.log HTTP/1.1" 404 73 "http://germchat.freehosting.md/vebkameri-sankt-peterburga.html" "Mozilla/5.0 (Windows NT 5.1; rv:8.0) Gecko/20100101 Firefox/8.0" "redlug.com"
78.137.36.167 - - [03/Oct/2015:18:46:40 -0700] "GET /+http://redlug.com/logs/access.log HTTP/1.1" 404 73 "http://germchat.freehosting.md/vebkameri-sankt-peterburga.html" "Mozilla/5.0 (Windows NT 5.2; rv:12.0) Gecko/20100101 Firefox/12.0" "redlug.com"
78.137.36.167 - - [03/Oct/2015:18:46:40 -0700] "GET /redlug.com/logs/access.log HTTP/1.1" 404 73 "http://germchat.freehosting.md/vebkameri-sankt-peterburga.html" "Mozilla/5.0 (Windows NT 5.2; rv:12.0) Gecko/20100101 Firefox/12.0" "redlug.com"
157.55.39.112 - - [03/Oct/2015:18:46:44 -0700] "GET /paper2004JD/0410NoCuts.htm HTTP/1.1" 200 1989 "-" "Mozilla/5.0 (compatible; bingbot/2.0; +http://www.bing.com/bingbot.htm)" "redlug.com"
157.55.39.112 - - [03/Oct/2015:18:46:52 -0700] "GET /Leaflets/2003/Bush07April03.pdf HTTP/1.1" 200 219614 "-" "Mozilla/5.0 (compatible; bingbot/2.0; +http://www.bing.com/bingbot.htm)" "redlug.com"
157.55.39.112 - - [03/Oct/2015:18:46:52 -0700] "GET /Leaflets/2001/ELPScroogeWinner2001.pdf HTTP/1.1" 200 193857 "-" "Mozilla/5.0 (compatible; bingbot/2.0; +http://www.bing.com/bingbot.htm)" "redlug.com"
157.55.39.112 - - [03/Oct/2015:18:46:53 -0700] "GET /Leaflets/2001/?C=N;O=D HTTP/1.1" 200 450 "-" "Mozilla/5.0 (compatible; bingbot/2.0; +http://www.bing.com/bingbot.htm)" "redlug.com"
157.55.39.112 - - [03/Oct/2015:18:46:53 -0700] "GET /logs/?C=D;O=D HTTP/1.1" 200 5405 "-" "Mozilla/5.0 (compatible; bingbot/2.0; +http://www.bing.com/bingbot.htm)" "redlug.com"
157.55.39.112 - - [03/Oct/2015:18:46:54 -0700] "GET /logs/?D=D HTTP/1.1" 200 5455 "-" "Mozilla/5.0 (compatible; bingbot/2.0; +http://www.bing.com/bingbot.htm)" "redlug.com"
157.55.39.112 - - [03/Oct/2015:18:46:54 -0700] "GET /logs/?M=D HTTP/1.1" 200 5455 "-" "Mozilla/5.0 (compatible; bingbot/2.0; +http://www.bing.com/bingbot.htm)" "redlug.com"
157.55.39.112 - - [03/Oct/2015:18:46:54 -0700] "GET /logs/access_150123.log HTTP/1.1" 200 615172 "-" "Mozilla/5.0 (compatible; bingbot/2.0; +http://www.bing.com/bingbot.htm)" "redlug.com"
157.55.39.112 - - [03/Oct/2015:18:46:55 -0700] "GET /Socialist/0511EdCuts.htm HTTP/1.1" 200 1737 "-" "Mozilla/5.0 (compatible; bingbot/2.0; +http://www.bing.com/bingbot.htm)" "redlug.com"
157.55.39.112 - - [03/Oct/2015:18:47:01 -0700] "GET /Socialist/?C=D;O=D HTTP/1.1" 200 2906 "-" "Mozilla/5.0 (compatible; bingbot/2.0; +http://www.bing.com/bingbot.htm)" "redlug.com"
157.55.39.112 - - [03/Oct/2015:18:47:01 -0700] "GET /Socialist/Covers/?C=M;O=D HTTP/1.1" 200 395 "-" "Mozilla/5.0 (compatible; bingbot/2.0; +http://www.bing.com/bingbot.htm)" "redlug.com"
157.55.39.112 - - [03/Oct/2015:18:47:02 -0700] "GET /War/0803JH-PH.htm HTTP/1.1" 200 2074 "-" "Mozilla/5.0 (compatible; bingbot/2.0; +http://www.bing.com/bingbot.htm)" "redlug.com"
14.164.157.40 - - [03/Oct/2015:18:48:09 -0700] "POST /123321.php HTTP/1.1" 404 73 "-" "gSOAP/2.7" "redlug.com"
31.184.238.128 - - [03/Oct/2015:18:48:44 -0700] "GET /logs/access.log HTTP/1.1" 200 85900 "http://gravatar.com/ordervermoxonlinewithoutprescription" "Opera/9.80 (Windows NT 6.1; WOW64) Presto/2.12.388 Version/12.16" "redlug.com"
180.76.15.17 - - [03/Oct/2015:18:49:54 -0700] "GET /pdf/B-AW.pdf HTTP/1.1" 200 108420 "-" "Mozilla/5.0 (compatible; Baiduspider/2.0; +http://www.baidu.com/search/spider.html)" "www.redlug.com"
207.46.13.93 - - [03/Oct/2015:18:51:40 -0700] "GET /logs/access_150329.log HTTP/1.1" 200 185943 "-" "Mozilla/5.0 (compatible; bingbot/2.0; +http://www.bing.com/bingbot.htm)" "redlug.com"
14.164.157.40 - - [03/Oct/2015:18:53:10 -0700] "POST /123321.php HTTP/1.1" 404 73 "-" "gSOAP/2.7" "redlug.com"
78.137.36.167 - - [03/Oct/2015:18:54:14 -0700] "GET /+http://redlug.com/logs/access.log HTTP/1.1" 404 73 "http://germchat.freehosting.md/chat-poznakomimsya.html" "Mozilla/5.0 (Windows NT 6.1; rv:16.0) Gecko/20100101 Firefox/16.0" "redlug.com"
78.137.36.167 - - [03/Oct/2015:18:54:14 -0700] "GET /+http://redlug.com/logs/access.log HTTP/1.1" 404 73 "http://germchat.freehosting.md/chat-poznakomimsya.html" "Opera/9.80 (Windows NT 6.1; MRA 6.0 (build 5976)) Presto/2.12.388 Version/12.10" "redlug.com"
78.137.36.167 - - [03/Oct/2015:18:54:15 -0700] "GET /redlug.com/logs/access.log HTTP/1.1" 404 73 "http://germchat.freehosting.md/chat-poznakomimsya.html" "Opera/9.80 (Windows NT 6.1; MRA 6.0 (build 5976)) Presto/2.12.388 Version/12.10" "redlug.com"
78.137.36.167 - - [03/Oct/2015:18:54:15 -0700] "GET /+http://redlug.com/logs/access.log HTTP/1.1" 404 73 "http://germchat.freehosting.md/chat-poznakomimsya.html" "Mozilla/5.0 (Windows NT 6.1; WOW64; rv:12.0) Gecko/20100101 Firefox/12.0" "redlug.com"
78.137.36.167 - - [03/Oct/2015:18:54:15 -0700] "GET /redlug.com/logs/access.log HTTP/1.1" 404 89 "http://germchat.freehosting.md/chat-poznakomimsya.html" "Mozilla/5.0 (Windows NT 6.1; WOW64; rv:12.0) Gecko/20100101 Firefox/12.0" "redlug.com"
78.137.36.167 - - [03/Oct/2015:18:54:16 -0700] "GET /+http://redlug.com/logs/access.log HTTP/1.1" 404 73 "http://germchat.freehosting.md/chat-poznakomimsya.html" "Mozilla/5.0 (Windows NT 5.1) AppleWebKit/536.5 (KHTML, like Gecko) Chrome/19.0.1084.46 Safari/536.5 Nichrome/self/19" "redlug.com"
78.137.36.167 - - [03/Oct/2015:18:54:16 -0700] "GET /redlug.com/logs/access.log HTTP/1.1" 404 89 "http://germchat.freehosting.md/chat-poznakomimsya.html" "Mozilla/5.0 (Windows NT 5.1) AppleWebKit/536.5 (KHTML, like Gecko) Chrome/19.0.1084.46 Safari/536.5 Nichrome/self/19" "redlug.com"
78.137.36.167 - - [03/Oct/2015:18:54:16 -0700] "GET /+http://redlug.com/logs/access.log HTTP/1.1" 404 73 "http://germchat.freehosting.md/chat-poznakomimsya.html" "Mozilla/5.0 (Windows NT 6.1; rv:13.0) Gecko/20100101 Firefox/13.0.1" "redlug.com"
78.137.36.167 - - [03/Oct/2015:18:54:17 -0700] "GET /redlug.com/logs/access.log HTTP/1.1" 404 73 "http://germchat.freehosting.md/chat-poznakomimsya.html" "Mozilla/5.0 (Windows NT 6.1; rv:13.0) Gecko/20100101 Firefox/13.0.1" "redlug.com"
208.115.113.94 - - [03/Oct/2015:18:54:27 -0700] "GET /robots.txt HTTP/1.1" 200 37 "-" "Mozilla/5.0 (compatible; DotBot/1.1; http://www.opensiteexplorer.org/dotbot, help@moz.com)" "www.redlug.com"
31.184.238.128 - - [03/Oct/2015:18:56:05 -0700] "GET /logs/access.log HTTP/1.1" 200 89119 "http://avana-buy-no-prescription.soup.io" "Mozilla/5.0 (Windows NT 6.1; WOW64) AppleWebKit/537.36 (KHTML, like Gecko) Chrome/33.0.1750.146 Safari/537.36" "redlug.com"
180.180.111.48 - - [03/Oct/2015:18:56:06 -0700] "GET /logs/access.log HTTP/1.1" 200 7961 "http://redlug.com/" "Mozilla/5.0 (X11; Ubuntu; Linux i686; rv:34.0) Gecko/20100101 Firefox/34.0" "redlug.com"
31.184.238.128 - - [03/Oct/2015:18:57:45 -0700] "GET /logs/access.log HTTP/1.1" 200 89577 "http://order-aerovent.over-blog.com/2014/04/low-price-aerovent-0-02mg-order-online.html" "Mozilla/5.0 (Windows NT 6.1; WOW64) AppleWebKit/537.36 (KHTML, like Gecko) Chrome/32.0.1700.102 Safari/537.36" "redlug.com"
217.11.128.2 - - [03/Oct/2015:18:57:45 -0700] "GET /logs/access.log HTTP/1.1" 200 8636 "http://redlug.com/" "Mozilla/5.0 (X11; Ubuntu; Linux i686; rv:34.0) Gecko/20100101 Firefox/34.0" "redlug.com"
217.11.128.2 - - [03/Oct/2015:18:57:45 -0700] "GET /logs/access.log HTTP/1.1" 200 8068 "http://redlug.com/logs/access.log" "Mozilla/5.0 (X11; Ubuntu; Linux i686; rv:34.0) Gecko/20100101 Firefox/34.0" "redlug.com"
24.205.244.90 - - [03/Oct/2015:18:59:50 -0700] "GET / HTTP/1.1" 200 1271 "http://redlug.com" "Mozilla/5.0 (X11; Linux x86_64) AppleWebKit/537.36 (KHTML, like Gecko) Chrome/39.0.2171.99 Safari/537.36" "redlug.com"
195.34.232.111 - - [03/Oct/2015:19:01:46 -0700] "GET /logs/access.log HTTP/1.1" 200 8104 "http://redlug.com/" "Mozilla/5.0 (X11; Linux x86_64) AppleWebKit/537.36 (KHTML, like Gecko) Chrome/39.0.2171.99 Safari/537.36" "redlug.com"
78.137.36.167 - - [03/Oct/2015:19:02:09 -0700] "GET /+http://redlug.com/logs/access.log HTTP/1.1" 404 73 "http://germchat.freehosting.md/chat-chatovod.html" "Opera/9.80 (Windows NT 6.1; WOW64) Presto/2.12.388 Version/12.10" "redlug.com"
78.137.36.167 - - [03/Oct/2015:19:02:09 -0700] "GET /+http://redlug.com/logs/access.log HTTP/1.1" 404 73 "http://germchat.freehosting.md/chat-chatovod.html" "Mozilla/5.0 (Windows NT 6.1; WOW64) AppleWebKit/537.11 (KHTML, like Gecko) Chrome/23.0.1271.95 Safari/537.11" "redlug.com"
78.137.36.167 - - [03/Oct/2015:19:02:09 -0700] "GET /redlug.com/logs/access.log HTTP/1.1" 404 73 "http://germchat.freehosting.md/chat-chatovod.html" "Mozilla/5.0 (Windows NT 6.1; WOW64) AppleWebKit/537.11 (KHTML, like Gecko) Chrome/23.0.1271.95 Safari/537.11" "redlug.com"
78.137.36.167 - - [03/Oct/2015:19:02:10 -0700] "GET /+http://redlug.com/logs/access.log HTTP/1.1" 404 73 "http://germchat.freehosting.md/chat-chatovod.html" "Mozilla/5.0 (Windows NT 6.0; WOW64) AppleWebKit/537.11 (KHTML, like Gecko) Chrome/23.0.1271.64 Safari/537.11" "redlug.com"
78.137.36.167 - - [03/Oct/2015:19:02:10 -0700] "GET /redlug.com/logs/access.log HTTP/1.1" 404 73 "http://germchat.freehosting.md/chat-chatovod.html" "Mozilla/5.0 (Windows NT 6.0; WOW64) AppleWebKit/537.11 (KHTML, like Gecko) Chrome/23.0.1271.64 Safari/537.11" "redlug.com"
78.137.36.167 - - [03/Oct/2015:19:02:10 -0700] "GET /+http://redlug.com/logs/access.log HTTP/1.1" 404 73 "http://germchat.freehosting.md/chat-chatovod.html" "Opera/9.80 (Windows NT 6.1; WOW64; U; MRA 8.0 (build 5880); ru) Presto/2.10.289 Version/12.02" "redlug.com"
78.137.36.167 - - [03/Oct/2015:19:02:11 -0700] "GET /redlug.com/logs/access.log HTTP/1.1" 404 73 "http://germchat.freehosting.md/chat-chatovod.html" "Opera/9.80 (Windows NT 6.1; WOW64; U; MRA 8.0 (build 5880); ru) Presto/2.10.289 Version/12.02" "redlug.com"
78.137.36.167 - - [03/Oct/2015:19:02:11 -0700] "GET /+http://redlug.com/logs/access.log HTTP/1.1" 404 73 "http://germchat.freehosting.md/chat-chatovod.html" "Mozilla/5.0 (X11; Linux x86_64) AppleWebKit/535.19 (KHTML, like Gecko) Chrome/18.0.1025.162 Safari/535.19" "redlug.com"
78.137.36.167 - - [03/Oct/2015:19:02:12 -0700] "GET /redlug.com/logs/access.log HTTP/1.1" 404 73 "http://germchat.freehosting.md/chat-chatovod.html" "Mozilla/5.0 (X11; Linux x86_64) AppleWebKit/535.19 (KHTML, like Gecko) Chrome/18.0.1025.162 Safari/535.19" "redlug.com"
14.164.157.40 - - [03/Oct/2015:19:03:10 -0700] "POST /123321.php HTTP/1.1" 404 73 "-" "gSOAP/2.7" "redlug.com"
180.76.15.6 - - [03/Oct/2015:19:04:54 -0700] "GET /logs/access_150703.log HTTP/1.1" 200 593523 "-" "Mozilla/5.0 (compatible; Baiduspider/2.0; +http://www.baidu.com/search/spider.html)" "www.redlug.com"
180.76.15.9 - - [03/Oct/2015:19:05:00 -0700] "GET /logs/access_150703.log HTTP/1.1" 200 1369878 "-" "Mozilla/5.0 (compatible; Baiduspider/2.0; +http://www.baidu.com/search/spider.html)" "www.redlug.com"
212.92.232.129 - - [03/Oct/2015:19:05:12 -0700] "GET /logs/access_130930.log HTTP/1.1" 404 73 "https://www.ymlp.com/zk4c7S" "Mozilla/4.0 (compatible; MSIE 7.0; Windows NT 5.1; Trident/4.0)" "redlug.com"
212.92.232.129 - - [03/Oct/2015:19:05:12 -0700] "GET /logs/access_130930.log HTTP/1.1" 404 73 "https://www.ymlp.com/zk4c7S" "Mozilla/5.0 (Windows NT 5.2; rv:16.0) Gecko/20100101 Firefox/16.0" "redlug.com"
212.92.232.129 - - [03/Oct/2015:19:05:13 -0700] "GET /access_130930.log HTTP/1.1" 404 73 "https://www.ymlp.com/zk4c7S" "Mozilla/5.0 (Windows NT 5.2; rv:16.0) Gecko/20100101 Firefox/16.0" "redlug.com"
212.92.232.129 - - [03/Oct/2015:19:05:13 -0700] "GET /logs/access_130930.log HTTP/1.1" 404 73 "https://www.ymlp.com/zk4c7S" "Opera/9.80 (Windows NT 5.1; U; MRA 6.0 (build 5970); ru) Presto/2.7.62 Version/11.00" "redlug.com"
212.92.232.129 - - [03/Oct/2015:19:05:14 -0700] "GET /access_130930.log HTTP/1.1" 404 73 "https://www.ymlp.com/zk4c7S" "Opera/9.80 (Windows NT 5.1; U; MRA 6.0 (build 5970); ru) Presto/2.7.62 Version/11.00" "redlug.com"
212.92.232.129 - - [03/Oct/2015:19:05:15 -0700] "GET /logs/access_130930.log HTTP/1.1" 404 73 "https://www.ymlp.com/zk4c7S" "Opera/9.80 (Windows NT 6.1; U; ru) Presto/2.10.289 Version/12.02" "redlug.com"
212.92.232.129 - - [03/Oct/2015:19:05:15 -0700] "GET /access_130930.log HTTP/1.1" 404 89 "https://www.ymlp.com/zk4c7S" "Opera/9.80 (Windows NT 6.1; U; ru) Presto/2.10.289 Version/12.02" "redlug.com"
31.184.238.128 - - [03/Oct/2015:19:05:16 -0700] "GET /logs/access.log HTTP/1.1" 200 95123 "http://buypropranolol40mg.snack.ws" "Mozilla/5.0 (Windows NT 6.0) AppleWebKit/537.36 (KHTML, like Gecko) Chrome/32.0.1700.107 Safari/537.36" "redlug.com"
100.43.81.157 - - [03/Oct/2015:19:05:24 -0700] "GET /logs/access_150522.log HTTP/1.1" 200 1620675 "-" "Mozilla/5.0 (compatible; YandexBot/3.0; +http://yandex.com/bots)" "redlug.com"
31.184.238.128 - - [03/Oct/2015:19:06:45 -0700] "GET /logs/access.log HTTP/1.1" 200 95550 "http://nortriptyline-25mg-buy.over-blog.com/2014/04/nortriptyline-25mg-buy-safely.html" "Mozilla/5.0 (Windows NT 6.1) AppleWebKit/537.36 (KHTML, like Gecko) Chrome/30.0.1599.13014 YaBrowser/13.12.1599.13014 Safari/537.36" "redlug.com"
14.164.157.40 - - [03/Oct/2015:19:08:10 -0700] "POST /123321.php HTTP/1.1" 404 73 "-" "gSOAP/2.7" "redlug.com"
78.137.36.167 - - [03/Oct/2015:19:10:02 -0700] "GET /redlug.com/logs/access.log HTTP/1.1" 404 89 "http://germchat.freehosting.md/ispolzovat-chat.html" "Mozilla/5.0 (Windows NT 5.1) AppleWebKit/535.2 (KHTML, like Gecko) Chrome/15.0.874.121 Safari/535.2" "redlug.com"
14.164.157.40 - - [03/Oct/2015:19:13:09 -0700] "POST /123321.php HTTP/1.1" 404 73 "-" "gSOAP/2.7" "redlug.com"
117.169.1.195 - - [03/Oct/2015:19:13:44 -0700] "GET /logs/access.log HTTP/1.1" 200 8649 "http://redlug.com/" "Mozilla/5.0 (Windows NT 6.0; rv:34.0) Gecko/20100101 Firefox/34.0" "redlug.com"
180.180.116.207 - - [03/Oct/2015:19:14:10 -0700] "GET /logs/access.log HTTP/1.1" 200 8674 "http://redlug.com/" "Mozilla/5.0 (X11; Ubuntu; Linux i686; rv:34.0) Gecko/20100101 Firefox/34.0" "redlug.com"
31.184.238.128 - - [03/Oct/2015:19:14:14 -0700] "GET /logs/access.log HTTP/1.1" 200 96755 "http://orderlasix40mgonlineph.soup.io" "Mozilla/5.0 (Windows NT 6.3; WOW64; rv:27.0) Gecko/20100101 Firefox/27.0" "redlug.com"
31.184.238.128 - - [03/Oct/2015:19:15:45 -0700] "GET /logs/access.log HTTP/1.1" 200 96973 "http://drospirenone-3mg-order.over-blog.com/2014/04/buy-drospirenone-on-sale.html" "Mozilla/5.0 (Windows NT 5.1) AppleWebKit/537.36 (KHTML, like Gecko) Chrome/33.0.1750.117 Safari/537.36" "redlug.com"
78.137.36.167 - - [03/Oct/2015:19:17:42 -0700] "GET /+http://redlug.com/logs/access.log HTTP/1.1" 404 73 "http://germchat.freehosting.md/index-19-3.html" "Mozilla/5.0 (Windows NT 6.1; rv:10.0) Gecko/20100101 Firefox/10.0" "redlug.com"
78.137.36.167 - - [03/Oct/2015:19:17:42 -0700] "GET /+http://redlug.com/logs/access.log HTTP/1.1" 404 73 "http://germchat.freehosting.md/index-19-3.html" "Opera/9.80 (Windows NT 6.1; WOW64; U; ru) Presto/2.10.289 Version/12.02" "redlug.com"
78.137.36.167 - - [03/Oct/2015:19:17:42 -0700] "GET /redlug.com/logs/access.log HTTP/1.1" 404 73 "http://germchat.freehosting.md/index-19-3.html" "Opera/9.80 (Windows NT 6.1; WOW64; U; ru) Presto/2.10.289 Version/12.02" "redlug.com"
78.137.36.167 - - [03/Oct/2015:19:17:43 -0700] "GET /+http://redlug.com/logs/access.log HTTP/1.1" 404 73 "http://germchat.freehosting.md/index-19-3.html" "Opera/9.80 (Windows NT 5.1; U; ru) Presto/2.10.289 Version/12.01" "redlug.com"
78.137.36.167 - - [03/Oct/2015:19:17:43 -0700] "GET /redlug.com/logs/access.log HTTP/1.1" 404 73 "http://germchat.freehosting.md/index-19-3.html" "Opera/9.80 (Windows NT 5.1; U; ru) Presto/2.10.289 Version/12.01" "redlug.com"
78.137.36.167 - - [03/Oct/2015:19:17:43 -0700] "GET /+http://redlug.com/logs/access.log HTTP/1.1" 404 73 "http://germchat.freehosting.md/index-19-3.html" "Mozilla/5.0 (Windows NT 5.1; rv:11.0) Gecko/20100101 Firefox/11.0" "redlug.com"
78.137.36.167 - - [03/Oct/2015:19:17:44 -0700] "GET /redlug.com/logs/access.log HTTP/1.1" 404 73 "http://germchat.freehosting.md/index-19-3.html" "Mozilla/5.0 (Windows NT 5.1; rv:11.0) Gecko/20100101 Firefox/11.0" "redlug.com"
78.137.36.167 - - [03/Oct/2015:19:17:44 -0700] "GET /+http://redlug.com/logs/access.log HTTP/1.1" 404 73 "http://germchat.freehosting.md/index-19-3.html" "Opera/9.80 (Windows NT 6.1; WOW64) Presto/2.12.388 Version/12.11" "redlug.com"
78.137.36.167 - - [03/Oct/2015:19:17:44 -0700] "GET /redlug.com/logs/access.log HTTP/1.1" 404 73 "http://germchat.freehosting.md/index-19-3.html" "Opera/9.80 (Windows NT 6.1; WOW64) Presto/2.12.388 Version/12.11" "redlug.com"
14.164.157.40 - - [03/Oct/2015:19:18:10 -0700] "POST /123321.php HTTP/1.1" 404 73 "-" "gSOAP/2.7" "redlug.com"
180.76.15.7 - - [03/Oct/2015:19:19:54 -0700] "GET /socview/0504Rep.htm HTTP/1.1" 404 88 "-" "Mozilla/5.0 (compatible; Baiduspider/2.0; +http://www.baidu.com/search/spider.html)" "www.redlug.com"
